2026-06-30 18:53:45.060 [Thread-P1] INFO  com.mp3.desktop.Programme1 - === Demarrage du Programme 1 ===
2026-06-30 18:53:45.074 [Thread-P1] INFO  com.mp3.desktop.Programme1 - Scan du repertoire : D:\ITU\S6\Mr Naina\Mp4\mp3-desktop\chanson
2026-06-30 18:53:45.136 [Thread-P1] INFO  com.mp3.desktop.Programme1 - Attente de 10000 ms avant le prochain scan...
2026-06-30 18:53:55.148 [Thread-P1] INFO  com.mp3.desktop.Programme1 - Scan du repertoire : D:\ITU\S6\Mr Naina\Mp4\mp3-desktop\chanson
2026-06-30 18:53:55.157 [Thread-P1] INFO  com.mp3.desktop.Programme1 - Attente de 10000 ms avant le prochain scan...
2026-06-30 18:54:05.159 [Thread-P1] INFO  com.mp3.desktop.Programme1 - Scan du repertoire : D:\ITU\S6\Mr Naina\Mp4\mp3-desktop\chanson
2026-06-30 18:54:05.174 [Thread-P1] INFO  com.mp3.desktop.Programme1 - Attente de 10000 ms avant le prochain scan...
2026-06-30 18:54:15.189 [Thread-P1] INFO  com.mp3.desktop.Programme1 - Scan du repertoire : D:\ITU\S6\Mr Naina\Mp4\mp3-desktop\chanson
2026-06-30 18:54:15.724 [Thread-P1] INFO  com.mp3.desktop.Programme1 - Attente de 10000 ms avant le prochain scan...
2026-06-30 18:54:25.729 [Thread-P1] INFO  com.mp3.desktop.Programme1 - Scan du repertoire : D:\ITU\S6\Mr Naina\Mp4\mp3-desktop\chanson
2026-06-30 18:54:25.738 [Thread-P1] INFO  com.mp3.desktop.Programme1 - Attente de 10000 ms avant le prochain scan...
2026-06-30 18:54:35.741 [Thread-P1] INFO  com.mp3.desktop.Programme1 - Scan du repertoire : D:\ITU\S6\Mr Naina\Mp4\mp3-desktop\chanson
2026-06-30 18:54:35.751 [Thread-P1] INFO  com.mp3.desktop.Programme1 - Attente de 10000 ms avant le prochain scan...
2026-06-30 18:54:45.753 [Thread-P1] INFO  com.mp3.desktop.Programme1 - Scan du repertoire : D:\ITU\S6\Mr Naina\Mp4\mp3-desktop\chanson
2026-06-30 18:54:45.779 [Thread-P1] INFO  com.mp3.desktop.Programme1 - Attente de 10000 ms avant le prochain scan...
2026-06-30 18:54:55.792 [Thread-P1] INFO  com.mp3.desktop.Programme1 - Scan du repertoire : D:\ITU\S6\Mr Naina\Mp4\mp3-desktop\chanson
2026-06-30 18:54:55.818 [Thread-P1] INFO  com.mp3.desktop.Programme1 - Attente de 10000 ms avant le prochain scan...
2026-06-30 18:55:05.831 [Thread-P1] INFO  com.mp3.desktop.Programme1 - Scan du repertoire : D:\ITU\S6\Mr Naina\Mp4\mp3-desktop\chanson
2026-06-30 18:55:05.838 [Thread-P1] INFO  com.mp3.desktop.Programme1 - Attente de 10000 ms avant le prochain scan...
2026-06-30 18:55:15.847 [Thread-P1] INFO  com.mp3.desktop.Programme1 - Scan du repertoire : D:\ITU\S6\Mr Naina\Mp4\mp3-desktop\chanson
2026-06-30 18:55:15.869 [Thread-P1] INFO  com.mp3.desktop.Programme1 - Attente de 10000 ms avant le prochain scan...
2026-06-30 18:55:25.875 [Thread-P1] INFO  com.mp3.desktop.Programme1 - Scan du repertoire : D:\ITU\S6\Mr Naina\Mp4\mp3-desktop\chanson
2026-06-30 18:55:25.884 [Thread-P1] INFO  com.mp3.desktop.Programme1 - Attente de 10000 ms avant le prochain scan...
2026-06-30 18:55:35.888 [Thread-P1] INFO  com.mp3.desktop.Programme1 - Scan du repertoire : D:\ITU\S6\Mr Naina\Mp4\mp3-desktop\chanson
2026-06-30 18:55:35.903 [Thread-P1] INFO  com.mp3.desktop.Programme1 - Attente de 10000 ms avant le prochain scan...
2026-06-30 18:55:45.909 [Thread-P1] INFO  com.mp3.desktop.Programme1 - Scan du repertoire : D:\ITU\S6\Mr Naina\Mp4\mp3-desktop\chanson
2026-06-30 18:55:45.938 [Thread-P1] INFO  com.mp3.desktop.Programme1 - Attente de 10000 ms avant le prochain scan...
2026-06-30 18:55:55.953 [Thread-P1] INFO  com.mp3.desktop.Programme1 - Scan du repertoire : D:\ITU\S6\Mr Naina\Mp4\mp3-desktop\chanson
2026-06-30 18:55:55.957 [Thread-P1] INFO  com.mp3.desktop.Programme1 - Attente de 10000 ms avant le prochain scan...
2026-06-30 18:56:05.962 [Thread-P1] INFO  com.mp3.desktop.Programme1 - Scan du repertoire : D:\ITU\S6\Mr Naina\Mp4\mp3-desktop\chanson
2026-06-30 18:56:05.971 [Thread-P1] INFO  com.mp3.desktop.Programme1 - Attente de 10000 ms avant le prochain scan...
2026-06-30 18:56:15.975 [Thread-P1] INFO  com.mp3.desktop.Programme1 - Scan du repertoire : D:\ITU\S6\Mr Naina\Mp4\mp3-desktop\chanson
2026-06-30 18:56:15.981 [Thread-P1] INFO  com.mp3.desktop.Programme1 - Attente de 10000 ms avant le prochain scan...
2026-06-30 18:56:25.991 [Thread-P1] INFO  com.mp3.desktop.Programme1 - Scan du repertoire : D:\ITU\S6\Mr Naina\Mp4\mp3-desktop\chanson
2026-06-30 18:56:26.002 [Thread-P1] INFO  com.mp3.desktop.Programme1 - Attente de 10000 ms avant le prochain scan...
2026-06-30 18:56:36.003 [Thread-P1] INFO  com.mp3.desktop.Programme1 - Scan du repertoire : D:\ITU\S6\Mr Naina\Mp4\mp3-desktop\chanson
2026-06-30 18:56:36.007 [Thread-P1] INFO  com.mp3.desktop.Programme1 - Attente de 10000 ms avant le prochain scan...
2026-06-30 18:56:46.017 [Thread-P1] INFO  com.mp3.desktop.Programme1 - Scan du repertoire : D:\ITU\S6\Mr Naina\Mp4\mp3-desktop\chanson
2026-06-30 18:56:46.040 [Thread-P1] INFO  com.mp3.desktop.Programme1 - Attente de 10000 ms avant le prochain scan...
2026-06-30 18:56:56.053 [Thread-P1] INFO  com.mp3.desktop.Programme1 - Scan du repertoire : D:\ITU\S6\Mr Naina\Mp4\mp3-desktop\chanson
2026-06-30 18:56:56.074 [Thread-P1] INFO  com.mp3.desktop.Programme1 - Attente de 10000 ms avant le prochain scan...
2026-06-30 18:57:06.080 [Thread-P1] INFO  com.mp3.desktop.Programme1 - Scan du repertoire : D:\ITU\S6\Mr Naina\Mp4\mp3-desktop\chanson
2026-06-30 18:57:06.094 [Thread-P1] INFO  com.mp3.desktop.Programme1 - Attente de 10000 ms avant le prochain scan...
2026-06-30 18:57:16.101 [Thread-P1] INFO  com.mp3.desktop.Programme1 - Scan du repertoire : D:\ITU\S6\Mr Naina\Mp4\mp3-desktop\chanson
2026-06-30 18:57:16.124 [Thread-P1] INFO  com.mp3.desktop.Programme1 - Attente de 10000 ms avant le prochain scan...
2026-06-30 18:57:26.130 [Thread-P1] INFO  com.mp3.desktop.Programme1 - Scan du repertoire : D:\ITU\S6\Mr Naina\Mp4\mp3-desktop\chanson
2026-06-30 18:57:26.153 [Thread-P1] INFO  com.mp3.desktop.Programme1 - Attente de 10000 ms avant le prochain scan...
2026-06-30 18:57:36.161 [Thread-P1] INFO  com.mp3.desktop.Programme1 - Scan du repertoire : D:\ITU\S6\Mr Naina\Mp4\mp3-desktop\chanson
2026-06-30 18:57:36.171 [Thread-P1] INFO  com.mp3.desktop.Programme1 - Attente de 10000 ms avant le prochain scan...
2026-06-30 18:57:46.180 [Thread-P1] INFO  com.mp3.desktop.Programme1 - Scan du repertoire : D:\ITU\S6\Mr Naina\Mp4\mp3-desktop\chanson
2026-06-30 18:57:46.215 [Thread-P1] INFO  com.mp3.desktop.Programme1 - Attente de 10000 ms avant le prochain scan...
2026-06-30 18:57:56.229 [Thread-P1] INFO  com.mp3.desktop.Programme1 - Scan du repertoire : D:\ITU\S6\Mr Naina\Mp4\mp3-desktop\chanson
2026-06-30 18:57:56.238 [Thread-P1] INFO  com.mp3.desktop.Programme1 - Attente de 10000 ms avant le prochain scan...
2026-06-30 18:58:06.240 [Thread-P1] INFO  com.mp3.desktop.Programme1 - Scan du repertoire : D:\ITU\S6\Mr Naina\Mp4\mp3-desktop\chanson
2026-06-30 18:58:06.257 [Thread-P1] INFO  com.mp3.desktop.Programme1 - Attente de 10000 ms avant le prochain scan...
2026-06-30 18:58:16.266 [Thread-P1] INFO  com.mp3.desktop.Programme1 - Scan du repertoire : D:\ITU\S6\Mr Naina\Mp4\mp3-desktop\chanson
2026-06-30 18:58:16.286 [Thread-P1] INFO  com.mp3.desktop.Programme1 - Attente de 10000 ms avant le prochain scan...
2026-06-30 18:58:26.295 [Thread-P1] INFO  com.mp3.desktop.Programme1 - Scan du repertoire : D:\ITU\S6\Mr Naina\Mp4\mp3-desktop\chanson
2026-06-30 18:58:26.306 [Thread-P1] INFO  com.mp3.desktop.Programme1 - Attente de 10000 ms avant le prochain scan...
2026-06-30 18:58:36.310 [Thread-P1] INFO  com.mp3.desktop.Programme1 - Scan du repertoire : D:\ITU\S6\Mr Naina\Mp4\mp3-desktop\chanson
2026-06-30 18:58:36.327 [Thread-P1] INFO  com.mp3.desktop.Programme1 - Attente de 10000 ms avant le prochain scan...
2026-06-30 18:58:46.332 [Thread-P1] INFO  com.mp3.desktop.Programme1 - Scan du repertoire : D:\ITU\S6\Mr Naina\Mp4\mp3-desktop\chanson
2026-06-30 18:58:46.338 [Thread-P1] INFO  com.mp3.desktop.Programme1 - Attente de 10000 ms avant le prochain scan...
2026-06-30 18:58:56.345 [Thread-P1] INFO  com.mp3.desktop.Programme1 - Scan du repertoire : D:\ITU\S6\Mr Naina\Mp4\mp3-desktop\chanson
2026-06-30 18:58:56.357 [Thread-P1] INFO  com.mp3.desktop.Programme1 - Attente de 10000 ms avant le prochain scan...
2026-06-30 18:59:06.363 [Thread-P1] INFO  com.mp3.desktop.Programme1 - Scan du repertoire : D:\ITU\S6\Mr Naina\Mp4\mp3-desktop\chanson
2026-06-30 18:59:06.370 [Thread-P1] INFO  com.mp3.desktop.Programme1 - Attente de 10000 ms avant le prochain scan...
2026-06-30 18:59:16.385 [Thread-P1] INFO  com.mp3.desktop.Programme1 - Scan du repertoire : D:\ITU\S6\Mr Naina\Mp4\mp3-desktop\chanson
2026-06-30 18:59:16.394 [Thread-P1] INFO  com.mp3.desktop.Programme1 - Attente de 10000 ms avant le prochain scan...
2026-06-30 18:59:26.411 [Thread-P1] INFO  com.mp3.desktop.Programme1 - Scan du repertoire : D:\ITU\S6\Mr Naina\Mp4\mp3-desktop\chanson
2026-06-30 18:59:26.421 [Thread-P1] INFO  com.mp3.desktop.Programme1 - Attente de 10000 ms avant le prochain scan...
2026-06-30 18:59:36.424 [Thread-P1] INFO  com.mp3.desktop.Programme1 - Scan du repertoire : D:\ITU\S6\Mr Naina\Mp4\mp3-desktop\chanson
2026-06-30 18:59:36.433 [Thread-P1] INFO  com.mp3.desktop.Programme1 - Attente de 10000 ms avant le prochain scan...
2026-06-30 18:59:46.435 [Thread-P1] INFO  com.mp3.desktop.Programme1 - Scan du repertoire : D:\ITU\S6\Mr Naina\Mp4\mp3-desktop\chanson
2026-06-30 18:59:46.456 [Thread-P1] INFO  com.mp3.desktop.Programme1 - Attente de 10000 ms avant le prochain scan...
2026-06-30 18:59:56.462 [Thread-P1] INFO  com.mp3.desktop.Programme1 - Scan du repertoire : D:\ITU\S6\Mr Naina\Mp4\mp3-desktop\chanson
2026-06-30 18:59:56.474 [Thread-P1] INFO  com.mp3.desktop.Programme1 - Attente de 10000 ms avant le prochain scan...
2026-06-30 19:00:06.482 [Thread-P1] INFO  com.mp3.desktop.Programme1 - Scan du repertoire : D:\ITU\S6\Mr Naina\Mp4\mp3-desktop\chanson
2026-06-30 19:00:06.504 [Thread-P1] INFO  com.mp3.desktop.Programme1 - Attente de 10000 ms avant le prochain scan...
2026-06-30 19:00:16.518 [Thread-P1] INFO  com.mp3.desktop.Programme1 - Scan du repertoire : D:\ITU\S6\Mr Naina\Mp4\mp3-desktop\chanson
2026-06-30 19:00:16.531 [Thread-P1] INFO  com.mp3.desktop.Programme1 - Attente de 10000 ms avant le prochain scan...
2026-06-30 19:00:26.544 [Thread-P1] INFO  com.mp3.desktop.Programme1 - Scan du repertoire : D:\ITU\S6\Mr Naina\Mp4\mp3-desktop\chanson
2026-06-30 19:00:26.554 [Thread-P1] INFO  com.mp3.desktop.Programme1 - Attente de 10000 ms avant le prochain scan...
2026-06-30 19:00:36.568 [Thread-P1] INFO  com.mp3.desktop.Programme1 - Scan du repertoire : D:\ITU\S6\Mr Naina\Mp4\mp3-desktop\chanson
2026-06-30 19:00:36.585 [Thread-P1] INFO  com.mp3.desktop.Programme1 - Attente de 10000 ms avant le prochain scan...
2026-06-30 19:00:46.592 [Thread-P1] INFO  com.mp3.desktop.Programme1 - Scan du repertoire : D:\ITU\S6\Mr Naina\Mp4\mp3-desktop\chanson
2026-06-30 19:00:46.603 [Thread-P1] INFO  com.mp3.desktop.Programme1 - Attente de 10000 ms avant le prochain scan...
2026-06-30 19:00:56.611 [Thread-P1] INFO  com.mp3.desktop.Programme1 - Scan du repertoire : D:\ITU\S6\Mr Naina\Mp4\mp3-desktop\chanson
2026-06-30 19:00:56.629 [Thread-P1] INFO  com.mp3.desktop.Programme1 - Attente de 10000 ms avant le prochain scan...
2026-06-30 19:01:06.639 [Thread-P1] INFO  com.mp3.desktop.Programme1 - Scan du repertoire : D:\ITU\S6\Mr Naina\Mp4\mp3-desktop\chanson
2026-06-30 19:01:06.644 [Thread-P1] INFO  com.mp3.desktop.Programme1 - Attente de 10000 ms avant le prochain scan...
2026-06-30 19:01:16.663 [Thread-P1] INFO  com.mp3.desktop.Programme1 - Scan du repertoire : D:\ITU\S6\Mr Naina\Mp4\mp3-desktop\chanson
2026-06-30 19:01:16.674 [Thread-P1] INFO  com.mp3.desktop.Programme1 - Attente de 10000 ms avant le prochain scan...
2026-06-30 19:01:26.681 [Thread-P1] INFO  com.mp3.desktop.Programme1 - Scan du repertoire : D:\ITU\S6\Mr Naina\Mp4\mp3-desktop\chanson
2026-06-30 19:01:26.688 [Thread-P1] INFO  com.mp3.desktop.Programme1 - Attente de 10000 ms avant le prochain scan...
2026-06-30 19:01:36.700 [Thread-P1] INFO  com.mp3.desktop.Programme1 - Scan du repertoire : D:\ITU\S6\Mr Naina\Mp4\mp3-desktop\chanson
2026-06-30 19:01:36.707 [Thread-P1] INFO  com.mp3.desktop.Programme1 - Attente de 10000 ms avant le prochain scan...
2026-06-30 19:01:46.712 [Thread-P1] INFO  com.mp3.desktop.Programme1 - Scan du repertoire : D:\ITU\S6\Mr Naina\Mp4\mp3-desktop\chanson
2026-06-30 19:01:46.728 [Thread-P1] INFO  com.mp3.desktop.Programme1 - Attente de 10000 ms avant le prochain scan...
2026-06-30 19:01:56.738 [Thread-P1] INFO  com.mp3.desktop.Programme1 - Scan du repertoire : D:\ITU\S6\Mr Naina\Mp4\mp3-desktop\chanson
2026-06-30 19:01:56.757 [Thread-P1] INFO  com.mp3.desktop.Programme1 - Attente de 10000 ms avant le prochain scan...
2026-06-30 19:02:06.780 [Thread-P1] INFO  com.mp3.desktop.Programme1 - Scan du repertoire : D:\ITU\S6\Mr Naina\Mp4\mp3-desktop\chanson
2026-06-30 19:02:06.791 [Thread-P1] INFO  com.mp3.desktop.Programme1 - Attente de 10000 ms avant le prochain scan...
2026-06-30 19:02:16.803 [Thread-P1] INFO  com.mp3.desktop.Programme1 - Scan du repertoire : D:\ITU\S6\Mr Naina\Mp4\mp3-desktop\chanson
2026-06-30 19:02:16.807 [Thread-P1] INFO  com.mp3.desktop.Programme1 - Attente de 10000 ms avant le prochain scan...
2026-06-30 19:02:26.816 [Thread-P1] INFO  com.mp3.desktop.Programme1 - Scan du repertoire : D:\ITU\S6\Mr Naina\Mp4\mp3-desktop\chanson
2026-06-30 19:02:26.826 [Thread-P1] INFO  com.mp3.desktop.Programme1 - Attente de 10000 ms avant le prochain scan...
2026-06-30 19:02:36.837 [Thread-P1] INFO  com.mp3.desktop.Programme1 - Scan du repertoire : D:\ITU\S6\Mr Naina\Mp4\mp3-desktop\chanson
2026-06-30 19:02:36.844 [Thread-P1] INFO  com.mp3.desktop.Programme1 - Attente de 10000 ms avant le prochain scan...
2026-06-30 19:02:46.848 [Thread-P1] INFO  com.mp3.desktop.Programme1 - Scan du repertoire : D:\ITU\S6\Mr Naina\Mp4\mp3-desktop\chanson
2026-06-30 19:02:46.860 [Thread-P1] INFO  com.mp3.desktop.Programme1 - Attente de 10000 ms avant le prochain scan...
2026-06-30 19:02:56.875 [Thread-P1] INFO  com.mp3.desktop.Programme1 - Scan du repertoire : D:\ITU\S6\Mr Naina\Mp4\mp3-desktop\chanson
2026-06-30 19:02:56.883 [Thread-P1] INFO  com.mp3.desktop.Programme1 - Attente de 10000 ms avant le prochain scan...
2026-06-30 19:03:05.142 [Thread-P1] WARN  com.mp3.desktop.Programme1 - Programme 1 interrompu
2026-06-30 19:03:20.977 [Thread-P1] INFO  com.mp3.desktop.Programme1 - === Demarrage du Programme 1 ===
2026-06-30 19:03:20.983 [Thread-P1] INFO  com.mp3.desktop.Programme1 - Scan du repertoire : D:\ITU\S6\Mr Naina\Mp4\mp3-desktop\chanson
2026-06-30 19:03:21.028 [Thread-P1] INFO  com.mp3.desktop.Programme1 - Attente de 10000 ms avant le prochain scan...
2026-06-30 19:03:31.033 [Thread-P1] INFO  com.mp3.desktop.Programme1 - Scan du repertoire : D:\ITU\S6\Mr Naina\Mp4\mp3-desktop\chanson
2026-06-30 19:03:31.058 [Thread-P1] INFO  com.mp3.desktop.Programme1 - Attente de 10000 ms avant le prochain scan...
2026-06-30 19:03:41.062 [Thread-P1] INFO  com.mp3.desktop.Programme1 - Scan du repertoire : D:\ITU\S6\Mr Naina\Mp4\mp3-desktop\chanson
2026-06-30 19:03:41.074 [Thread-P1] INFO  com.mp3.desktop.Programme1 - Attente de 10000 ms avant le prochain scan...
2026-06-30 19:03:51.078 [Thread-P1] INFO  com.mp3.desktop.Programme1 - Scan du repertoire : D:\ITU\S6\Mr Naina\Mp4\mp3-desktop\chanson
2026-06-30 19:03:51.105 [Thread-P1] INFO  com.mp3.desktop.Programme1 - Attente de 10000 ms avant le prochain scan...
2026-06-30 19:04:01.111 [Thread-P1] INFO  com.mp3.desktop.Programme1 - Scan du repertoire : D:\ITU\S6\Mr Naina\Mp4\mp3-desktop\chanson
2026-06-30 19:04:01.135 [Thread-P1] INFO  com.mp3.desktop.Programme1 - Attente de 10000 ms avant le prochain scan...
2026-06-30 19:04:11.146 [Thread-P1] INFO  com.mp3.desktop.Programme1 - Scan du repertoire : D:\ITU\S6\Mr Naina\Mp4\mp3-desktop\chanson
2026-06-30 19:04:11.153 [Thread-P1] INFO  com.mp3.desktop.Programme1 - Attente de 10000 ms avant le prochain scan...
2026-06-30 19:04:21.162 [Thread-P1] INFO  com.mp3.desktop.Programme1 - Scan du repertoire : D:\ITU\S6\Mr Naina\Mp4\mp3-desktop\chanson
2026-06-30 19:04:21.173 [Thread-P1] INFO  com.mp3.desktop.Programme1 - Attente de 10000 ms avant le prochain scan...
2026-06-30 19:04:31.188 [Thread-P1] INFO  com.mp3.desktop.Programme1 - Scan du repertoire : D:\ITU\S6\Mr Naina\Mp4\mp3-desktop\chanson
2026-06-30 19:04:31.197 [Thread-P1] INFO  com.mp3.desktop.Programme1 - Attente de 10000 ms avant le prochain scan...
2026-06-30 19:04:41.209 [Thread-P1] INFO  com.mp3.desktop.Programme1 - Scan du repertoire : D:\ITU\S6\Mr Naina\Mp4\mp3-desktop\chanson
2026-06-30 19:04:41.231 [Thread-P1] INFO  com.mp3.desktop.Programme1 - Attente de 10000 ms avant le prochain scan...
2026-06-30 19:04:51.244 [Thread-P1] INFO  com.mp3.desktop.Programme1 - Scan du repertoire : D:\ITU\S6\Mr Naina\Mp4\mp3-desktop\chanson
2026-06-30 19:04:51.252 [Thread-P1] INFO  com.mp3.desktop.Programme1 - Attente de 10000 ms avant le prochain scan...
2026-06-30 19:05:01.259 [Thread-P1] INFO  com.mp3.desktop.Programme1 - Scan du repertoire : D:\ITU\S6\Mr Naina\Mp4\mp3-desktop\chanson
2026-06-30 19:05:01.275 [Thread-P1] INFO  com.mp3.desktop.Programme1 - Attente de 10000 ms avant le prochain scan...
2026-06-30 19:05:11.282 [Thread-P1] INFO  com.mp3.desktop.Programme1 - Scan du repertoire : D:\ITU\S6\Mr Naina\Mp4\mp3-desktop\chanson
2026-06-30 19:05:11.304 [Thread-P1] INFO  com.mp3.desktop.Programme1 - Attente de 10000 ms avant le prochain scan...
2026-06-30 19:05:21.314 [Thread-P1] INFO  com.mp3.desktop.Programme1 - Scan du repertoire : D:\ITU\S6\Mr Naina\Mp4\mp3-desktop\chanson
2026-06-30 19:05:21.322 [Thread-P1] INFO  com.mp3.desktop.Programme1 - Attente de 10000 ms avant le prochain scan...
2026-06-30 19:05:31.335 [Thread-P1] INFO  com.mp3.desktop.Programme1 - Scan du repertoire : D:\ITU\S6\Mr Naina\Mp4\mp3-desktop\chanson
2026-06-30 19:05:31.359 [Thread-P1] INFO  com.mp3.desktop.Programme1 - Attente de 10000 ms avant le prochain scan...
2026-06-30 19:05:41.362 [Thread-P1] INFO  com.mp3.desktop.Programme1 - Scan du repertoire : D:\ITU\S6\Mr Naina\Mp4\mp3-desktop\chanson
2026-06-30 19:05:41.370 [Thread-P1] INFO  com.mp3.desktop.Programme1 - Attente de 10000 ms avant le prochain scan...
2026-06-30 19:05:51.378 [Thread-P1] INFO  com.mp3.desktop.Programme1 - Scan du repertoire : D:\ITU\S6\Mr Naina\Mp4\mp3-desktop\chanson
2026-06-30 19:05:51.420 [Thread-P1] INFO  com.mp3.desktop.Programme1 - -> Message envoye a RabbitMQ [queue_liste_mp3] : D:\ITU\S6\Mr Naina\Mp4\mp3-desktop\chanson\Ankino.mp3
2026-06-30 19:05:51.420 [Thread-P1] INFO  com.mp3.desktop.Programme1 - -> Message envoye a RabbitMQ [queue_liste_mp3] : D:\ITU\S6\Mr Naina\Mp4\mp3-desktop\chanson\Antanambao.MP3
2026-06-30 19:05:51.420 [Thread-P1] INFO  com.mp3.desktop.Programme1 - -> Message envoye a RabbitMQ [queue_liste_mp3] : D:\ITU\S6\Mr Naina\Mp4\mp3-desktop\chanson\IAO.MP3
2026-06-30 19:05:51.438 [Thread-P1] INFO  com.mp3.desktop.Programme1 - Attente de 10000 ms avant le prochain scan...
2026-06-30 19:06:01.442 [Thread-P1] INFO  com.mp3.desktop.Programme1 - Scan du repertoire : D:\ITU\S6\Mr Naina\Mp4\mp3-desktop\chanson
2026-06-30 19:06:01.456 [Thread-P1] INFO  com.mp3.desktop.Programme1 - Attente de 10000 ms avant le prochain scan...
2026-06-30 19:06:11.469 [Thread-P1] INFO  com.mp3.desktop.Programme1 - Scan du repertoire : D:\ITU\S6\Mr Naina\Mp4\mp3-desktop\chanson
2026-06-30 19:06:11.488 [Thread-P1] INFO  com.mp3.desktop.Programme1 - Attente de 10000 ms avant le prochain scan...
2026-06-30 19:06:21.494 [Thread-P1] INFO  com.mp3.desktop.Programme1 - Scan du repertoire : D:\ITU\S6\Mr Naina\Mp4\mp3-desktop\chanson
2026-06-30 19:06:21.518 [Thread-P1] INFO  com.mp3.desktop.Programme1 - Attente de 10000 ms avant le prochain scan...
2026-06-30 19:06:31.520 [Thread-P1] INFO  com.mp3.desktop.Programme1 - Scan du repertoire : D:\ITU\S6\Mr Naina\Mp4\mp3-desktop\chanson
2026-06-30 19:06:31.544 [Thread-P1] INFO  com.mp3.desktop.Programme1 - Attente de 10000 ms avant le prochain scan...
2026-06-30 19:06:41.559 [Thread-P1] INFO  com.mp3.desktop.Programme1 - Scan du repertoire : D:\ITU\S6\Mr Naina\Mp4\mp3-desktop\chanson
2026-06-30 19:06:41.582 [Thread-P1] INFO  com.mp3.desktop.Programme1 - Attente de 10000 ms avant le prochain scan...
2026-06-30 19:06:51.594 [Thread-P1] INFO  com.mp3.desktop.Programme1 - Scan du repertoire : D:\ITU\S6\Mr Naina\Mp4\mp3-desktop\chanson
2026-06-30 19:06:51.618 [Thread-P1] INFO  com.mp3.desktop.Programme1 - Attente de 10000 ms avant le prochain scan...
2026-06-30 19:07:01.621 [Thread-P1] INFO  com.mp3.desktop.Programme1 - Scan du repertoire : D:\ITU\S6\Mr Naina\Mp4\mp3-desktop\chanson
2026-06-30 19:07:01.641 [Thread-P1] INFO  com.mp3.desktop.Programme1 - Attente de 10000 ms avant le prochain scan...
2026-06-30 19:07:11.648 [Thread-P1] INFO  com.mp3.desktop.Programme1 - Scan du repertoire : D:\ITU\S6\Mr Naina\Mp4\mp3-desktop\chanson
2026-06-30 19:07:11.668 [Thread-P1] INFO  com.mp3.desktop.Programme1 - Attente de 10000 ms avant le prochain scan...
2026-06-30 19:07:21.677 [Thread-P1] INFO  com.mp3.desktop.Programme1 - Scan du repertoire : D:\ITU\S6\Mr Naina\Mp4\mp3-desktop\chanson
2026-06-30 19:07:21.688 [Thread-P1] INFO  com.mp3.desktop.Programme1 - Attente de 10000 ms avant le prochain scan...
2026-06-30 19:07:31.693 [Thread-P1] INFO  com.mp3.desktop.Programme1 - Scan du repertoire : D:\ITU\S6\Mr Naina\Mp4\mp3-desktop\chanson
2026-06-30 19:07:31.714 [Thread-P1] INFO  com.mp3.desktop.Programme1 - Attente de 10000 ms avant le prochain scan...
2026-06-30 19:07:41.718 [Thread-P1] INFO  com.mp3.desktop.Programme1 - Scan du repertoire : D:\ITU\S6\Mr Naina\Mp4\mp3-desktop\chanson
2026-06-30 19:07:41.724 [Thread-P1] INFO  com.mp3.desktop.Programme1 - Attente de 10000 ms avant le prochain scan...
2026-06-30 19:07:51.738 [Thread-P1] INFO  com.mp3.desktop.Programme1 - Scan du repertoire : D:\ITU\S6\Mr Naina\Mp4\mp3-desktop\chanson
2026-06-30 19:07:51.764 [Thread-P1] INFO  com.mp3.desktop.Programme1 - Attente de 10000 ms avant le prochain scan...
2026-06-30 19:08:01.769 [Thread-P1] INFO  com.mp3.desktop.Programme1 - Scan du repertoire : D:\ITU\S6\Mr Naina\Mp4\mp3-desktop\chanson
2026-06-30 19:08:01.793 [Thread-P1] INFO  com.mp3.desktop.Programme1 - Attente de 10000 ms avant le prochain scan...
2026-06-30 19:08:11.801 [Thread-P1] INFO  com.mp3.desktop.Programme1 - Scan du repertoire : D:\ITU\S6\Mr Naina\Mp4\mp3-desktop\chanson
2026-06-30 19:08:11.807 [Thread-P1] INFO  com.mp3.desktop.Programme1 - Attente de 10000 ms avant le prochain scan...
2026-06-30 19:08:21.819 [Thread-P1] INFO  com.mp3.desktop.Programme1 - Scan du repertoire : D:\ITU\S6\Mr Naina\Mp4\mp3-desktop\chanson
2026-06-30 19:08:21.828 [Thread-P1] INFO  com.mp3.desktop.Programme1 - Attente de 10000 ms avant le prochain scan...
2026-06-30 19:08:31.840 [Thread-P1] INFO  com.mp3.desktop.Programme1 - Scan du repertoire : D:\ITU\S6\Mr Naina\Mp4\mp3-desktop\chanson
2026-06-30 19:08:31.844 [Thread-P1] INFO  com.mp3.desktop.Programme1 - Attente de 10000 ms avant le prochain scan...
2026-06-30 19:08:41.861 [Thread-P1] INFO  com.mp3.desktop.Programme1 - Scan du repertoire : D:\ITU\S6\Mr Naina\Mp4\mp3-desktop\chanson
2026-06-30 19:08:41.868 [Thread-P1] INFO  com.mp3.desktop.Programme1 - -> Message envoye a RabbitMQ [queue_liste_mp3] : D:\ITU\S6\Mr Naina\Mp4\mp3-desktop\chanson\Ankino.mp3
2026-06-30 19:08:41.869 [Thread-P1] INFO  com.mp3.desktop.Programme1 - -> Message envoye a RabbitMQ [queue_liste_mp3] : D:\ITU\S6\Mr Naina\Mp4\mp3-desktop\chanson\Antanambao.MP3
2026-06-30 19:08:41.869 [Thread-P1] INFO  com.mp3.desktop.Programme1 - -> Message envoye a RabbitMQ [queue_liste_mp3] : D:\ITU\S6\Mr Naina\Mp4\mp3-desktop\chanson\IAO.MP3
2026-06-30 19:08:41.872 [Thread-P1] INFO  com.mp3.desktop.Programme1 - Attente de 10000 ms avant le prochain scan...
2026-06-30 19:08:51.875 [Thread-P1] INFO  com.mp3.desktop.Programme1 - Scan du repertoire : D:\ITU\S6\Mr Naina\Mp4\mp3-desktop\chanson
2026-06-30 19:08:51.894 [Thread-P1] INFO  com.mp3.desktop.Programme1 - Attente de 10000 ms avant le prochain scan...
2026-06-30 19:09:01.909 [Thread-P1] INFO  com.mp3.desktop.Programme1 - Scan du repertoire : D:\ITU\S6\Mr Naina\Mp4\mp3-desktop\chanson
2026-06-30 19:09:01.917 [Thread-P1] INFO  com.mp3.desktop.Programme1 - Attente de 10000 ms avant le prochain scan...
2026-06-30 19:09:11.931 [Thread-P1] INFO  com.mp3.desktop.Programme1 - Scan du repertoire : D:\ITU\S6\Mr Naina\Mp4\mp3-desktop\chanson
2026-06-30 19:09:11.954 [Thread-P1] INFO  com.mp3.desktop.Programme1 - Attente de 10000 ms avant le prochain scan...
2026-06-30 19:09:21.959 [Thread-P1] INFO  com.mp3.desktop.Programme1 - Scan du repertoire : D:\ITU\S6\Mr Naina\Mp4\mp3-desktop\chanson
2026-06-30 19:09:21.982 [Thread-P1] INFO  com.mp3.desktop.Programme1 - Attente de 10000 ms avant le prochain scan...
2026-06-30 19:09:31.986 [Thread-P1] INFO  com.mp3.desktop.Programme1 - Scan du repertoire : D:\ITU\S6\Mr Naina\Mp4\mp3-desktop\chanson
2026-06-30 19:09:32.009 [Thread-P1] INFO  com.mp3.desktop.Programme1 - Attente de 10000 ms avant le prochain scan...
2026-06-30 19:09:42.013 [Thread-P1] INFO  com.mp3.desktop.Programme1 - Scan du repertoire : D:\ITU\S6\Mr Naina\Mp4\mp3-desktop\chanson
2026-06-30 19:09:42.020 [Thread-P1] INFO  com.mp3.desktop.Programme1 - Attente de 10000 ms avant le prochain scan...
2026-06-30 19:09:52.025 [Thread-P1] INFO  com.mp3.desktop.Programme1 - Scan du repertoire : D:\ITU\S6\Mr Naina\Mp4\mp3-desktop\chanson
2026-06-30 19:09:52.049 [Thread-P1] INFO  com.mp3.desktop.Programme1 - Attente de 10000 ms avant le prochain scan...
2026-06-30 19:10:02.054 [Thread-P1] INFO  com.mp3.desktop.Programme1 - Scan du repertoire : D:\ITU\S6\Mr Naina\Mp4\mp3-desktop\chanson
2026-06-30 19:10:02.075 [Thread-P1] INFO  com.mp3.desktop.Programme1 - Attente de 10000 ms avant le prochain scan...
2026-06-30 19:10:12.080 [Thread-P1] INFO  com.mp3.desktop.Programme1 - Scan du repertoire : D:\ITU\S6\Mr Naina\Mp4\mp3-desktop\chanson
2026-06-30 19:10:12.103 [Thread-P1] INFO  com.mp3.desktop.Programme1 - Attente de 10000 ms avant le prochain scan...
2026-06-30 19:10:22.109 [Thread-P1] INFO  com.mp3.desktop.Programme1 - Scan du repertoire : D:\ITU\S6\Mr Naina\Mp4\mp3-desktop\chanson
2026-06-30 19:10:22.123 [Thread-P1] INFO  com.mp3.desktop.Programme1 - Attente de 10000 ms avant le prochain scan...
2026-06-30 19:10:32.135 [Thread-P1] INFO  com.mp3.desktop.Programme1 - Scan du repertoire : D:\ITU\S6\Mr Naina\Mp4\mp3-desktop\chanson
2026-06-30 19:10:32.156 [Thread-P1] INFO  com.mp3.desktop.Programme1 - Attente de 10000 ms avant le prochain scan...
2026-06-30 19:10:42.163 [Thread-P1] INFO  com.mp3.desktop.Programme1 - Scan du repertoire : D:\ITU\S6\Mr Naina\Mp4\mp3-desktop\chanson
2026-06-30 19:10:42.184 [Thread-P1] INFO  com.mp3.desktop.Programme1 - Attente de 10000 ms avant le prochain scan...
2026-06-30 19:10:52.190 [Thread-P1] INFO  com.mp3.desktop.Programme1 - Scan du repertoire : D:\ITU\S6\Mr Naina\Mp4\mp3-desktop\chanson
2026-06-30 19:10:52.194 [Thread-P1] INFO  com.mp3.desktop.Programme1 - Attente de 10000 ms avant le prochain scan...
2026-06-30 19:11:02.201 [Thread-P1] INFO  com.mp3.desktop.Programme1 - Scan du repertoire : D:\ITU\S6\Mr Naina\Mp4\mp3-desktop\chanson
2026-06-30 19:11:02.220 [Thread-P1] INFO  com.mp3.desktop.Programme1 - Attente de 10000 ms avant le prochain scan...
2026-06-30 19:11:12.228 [Thread-P1] INFO  com.mp3.desktop.Programme1 - Scan du repertoire : D:\ITU\S6\Mr Naina\Mp4\mp3-desktop\chanson
2026-06-30 19:11:12.248 [Thread-P1] INFO  com.mp3.desktop.Programme1 - Attente de 10000 ms avant le prochain scan...
2026-06-30 19:11:22.257 [Thread-P1] INFO  com.mp3.desktop.Programme1 - Scan du repertoire : D:\ITU\S6\Mr Naina\Mp4\mp3-desktop\chanson
2026-06-30 19:11:22.278 [Thread-P1] INFO  com.mp3.desktop.Programme1 - Attente de 10000 ms avant le prochain scan...
2026-06-30 19:11:32.294 [Thread-P1] INFO  com.mp3.desktop.Programme1 - Scan du repertoire : D:\ITU\S6\Mr Naina\Mp4\mp3-desktop\chanson
2026-06-30 19:11:32.310 [Thread-P1] INFO  com.mp3.desktop.Programme1 - Attente de 10000 ms avant le prochain scan...
2026-06-30 19:11:42.323 [Thread-P1] INFO  com.mp3.desktop.Programme1 - Scan du repertoire : D:\ITU\S6\Mr Naina\Mp4\mp3-desktop\chanson
2026-06-30 19:11:42.341 [Thread-P1] INFO  com.mp3.desktop.Programme1 - Attente de 10000 ms avant le prochain scan...
2026-06-30 19:11:52.357 [Thread-P1] INFO  com.mp3.desktop.Programme1 - Scan du repertoire : D:\ITU\S6\Mr Naina\Mp4\mp3-desktop\chanson
2026-06-30 19:11:52.374 [Thread-P1] INFO  com.mp3.desktop.Programme1 - Attente de 10000 ms avant le prochain scan...
2026-06-30 19:12:02.384 [Thread-P1] INFO  com.mp3.desktop.Programme1 - Scan du repertoire : D:\ITU\S6\Mr Naina\Mp4\mp3-desktop\chanson
2026-06-30 19:12:02.405 [Thread-P1] INFO  com.mp3.desktop.Programme1 - Attente de 10000 ms avant le prochain scan...
2026-06-30 19:12:12.412 [Thread-P1] INFO  com.mp3.desktop.Programme1 - Scan du repertoire : D:\ITU\S6\Mr Naina\Mp4\mp3-desktop\chanson
2026-06-30 19:12:12.434 [Thread-P1] INFO  com.mp3.desktop.Programme1 - Attente de 10000 ms avant le prochain scan...
2026-06-30 19:12:22.439 [Thread-P1] INFO  com.mp3.desktop.Programme1 - Scan du repertoire : D:\ITU\S6\Mr Naina\Mp4\mp3-desktop\chanson
2026-06-30 19:12:22.462 [Thread-P1] INFO  com.mp3.desktop.Programme1 - Attente de 10000 ms avant le prochain scan...
2026-06-30 19:12:32.469 [Thread-P1] INFO  com.mp3.desktop.Programme1 - Scan du repertoire : D:\ITU\S6\Mr Naina\Mp4\mp3-desktop\chanson
2026-06-30 19:12:32.495 [Thread-P1] INFO  com.mp3.desktop.Programme1 - Attente de 10000 ms avant le prochain scan...
2026-06-30 19:12:42.496 [Thread-P1] INFO  com.mp3.desktop.Programme1 - Scan du repertoire : D:\ITU\S6\Mr Naina\Mp4\mp3-desktop\chanson
2026-06-30 19:12:42.517 [Thread-P1] INFO  com.mp3.desktop.Programme1 - Attente de 10000 ms avant le prochain scan...
2026-06-30 19:12:52.523 [Thread-P1] INFO  com.mp3.desktop.Programme1 - Scan du repertoire : D:\ITU\S6\Mr Naina\Mp4\mp3-desktop\chanson
2026-06-30 19:12:52.546 [Thread-P1] INFO  com.mp3.desktop.Programme1 - Attente de 10000 ms avant le prochain scan...
2026-06-30 19:13:02.550 [Thread-P1] INFO  com.mp3.desktop.Programme1 - Scan du repertoire : D:\ITU\S6\Mr Naina\Mp4\mp3-desktop\chanson
2026-06-30 19:13:02.573 [Thread-P1] INFO  com.mp3.desktop.Programme1 - Attente de 10000 ms avant le prochain scan...
2026-06-30 19:13:12.578 [Thread-P1] INFO  com.mp3.desktop.Programme1 - Scan du repertoire : D:\ITU\S6\Mr Naina\Mp4\mp3-desktop\chanson
2026-06-30 19:13:12.599 [Thread-P1] INFO  com.mp3.desktop.Programme1 - Attente de 10000 ms avant le prochain scan...
2026-06-30 19:13:22.607 [Thread-P1] INFO  com.mp3.desktop.Programme1 - Scan du repertoire : D:\ITU\S6\Mr Naina\Mp4\mp3-desktop\chanson
2026-06-30 19:13:22.631 [Thread-P1] INFO  com.mp3.desktop.Programme1 - Attente de 10000 ms avant le prochain scan...
2026-06-30 19:13:32.632 [Thread-P1] INFO  com.mp3.desktop.Programme1 - Scan du repertoire : D:\ITU\S6\Mr Naina\Mp4\mp3-desktop\chanson
2026-06-30 19:13:32.652 [Thread-P1] INFO  com.mp3.desktop.Programme1 - Attente de 10000 ms avant le prochain scan...
2026-06-30 19:13:42.666 [Thread-P1] INFO  com.mp3.desktop.Programme1 - Scan du repertoire : D:\ITU\S6\Mr Naina\Mp4\mp3-desktop\chanson
2026-06-30 19:13:42.687 [Thread-P1] INFO  com.mp3.desktop.Programme1 - Attente de 10000 ms avant le prochain scan...
2026-06-30 19:13:52.689 [Thread-P1] INFO  com.mp3.desktop.Programme1 - Scan du repertoire : D:\ITU\S6\Mr Naina\Mp4\mp3-desktop\chanson
2026-06-30 19:13:52.711 [Thread-P1] INFO  com.mp3.desktop.Programme1 - Attente de 10000 ms avant le prochain scan...
2026-06-30 19:14:02.715 [Thread-P1] INFO  com.mp3.desktop.Programme1 - Scan du repertoire : D:\ITU\S6\Mr Naina\Mp4\mp3-desktop\chanson
2026-06-30 19:14:02.737 [Thread-P1] INFO  com.mp3.desktop.Programme1 - Attente de 10000 ms avant le prochain scan...
2026-06-30 19:14:12.753 [Thread-P1] INFO  com.mp3.desktop.Programme1 - Scan du repertoire : D:\ITU\S6\Mr Naina\Mp4\mp3-desktop\chanson
2026-06-30 19:14:12.776 [Thread-P1] INFO  com.mp3.desktop.Programme1 - Attente de 10000 ms avant le prochain scan...
2026-06-30 19:14:22.790 [Thread-P1] INFO  com.mp3.desktop.Programme1 - Scan du repertoire : D:\ITU\S6\Mr Naina\Mp4\mp3-desktop\chanson
2026-06-30 19:14:22.798 [Thread-P1] INFO  com.mp3.desktop.Programme1 - Attente de 10000 ms avant le prochain scan...
2026-06-30 19:14:32.799 [Thread-P1] INFO  com.mp3.desktop.Programme1 - Scan du repertoire : D:\ITU\S6\Mr Naina\Mp4\mp3-desktop\chanson
2026-06-30 19:14:32.817 [Thread-P1] INFO  com.mp3.desktop.Programme1 - Attente de 10000 ms avant le prochain scan...
2026-06-30 19:14:42.832 [Thread-P1] INFO  com.mp3.desktop.Programme1 - Scan du repertoire : D:\ITU\S6\Mr Naina\Mp4\mp3-desktop\chanson
2026-06-30 19:14:42.849 [Thread-P1] INFO  com.mp3.desktop.Programme1 - Attente de 10000 ms avant le prochain scan...
2026-06-30 19:14:52.864 [Thread-P1] INFO  com.mp3.desktop.Programme1 - Scan du repertoire : D:\ITU\S6\Mr Naina\Mp4\mp3-desktop\chanson
2026-06-30 19:14:52.887 [Thread-P1] INFO  com.mp3.desktop.Programme1 - Attente de 10000 ms avant le prochain scan...
2026-06-30 19:15:02.888 [Thread-P1] INFO  com.mp3.desktop.Programme1 - Scan du repertoire : D:\ITU\S6\Mr Naina\Mp4\mp3-desktop\chanson
2026-06-30 19:15:02.899 [Thread-P1] INFO  com.mp3.desktop.Programme1 - Attente de 10000 ms avant le prochain scan...
2026-06-30 19:15:12.910 [Thread-P1] INFO  com.mp3.desktop.Programme1 - Scan du repertoire : D:\ITU\S6\Mr Naina\Mp4\mp3-desktop\chanson
2026-06-30 19:15:12.918 [Thread-P1] INFO  com.mp3.desktop.Programme1 - Attente de 10000 ms avant le prochain scan...
2026-06-30 19:15:22.932 [Thread-P1] INFO  com.mp3.desktop.Programme1 - Scan du repertoire : D:\ITU\S6\Mr Naina\Mp4\mp3-desktop\chanson
2026-06-30 19:15:22.953 [Thread-P1] INFO  com.mp3.desktop.Programme1 - Attente de 10000 ms avant le prochain scan...
2026-06-30 19:15:32.958 [Thread-P1] INFO  com.mp3.desktop.Programme1 - Scan du repertoire : D:\ITU\S6\Mr Naina\Mp4\mp3-desktop\chanson
2026-06-30 19:15:32.977 [Thread-P1] INFO  com.mp3.desktop.Programme1 - Attente de 10000 ms avant le prochain scan...
2026-06-30 19:15:42.990 [Thread-P1] INFO  com.mp3.desktop.Programme1 - Scan du repertoire : D:\ITU\S6\Mr Naina\Mp4\mp3-desktop\chanson
2026-06-30 19:15:43.010 [Thread-P1] INFO  com.mp3.desktop.Programme1 - Attente de 10000 ms avant le prochain scan...
2026-06-30 19:15:53.014 [Thread-P1] INFO  com.mp3.desktop.Programme1 - Scan du repertoire : D:\ITU\S6\Mr Naina\Mp4\mp3-desktop\chanson
2026-06-30 19:15:53.036 [Thread-P1] INFO  com.mp3.desktop.Programme1 - Attente de 10000 ms avant le prochain scan...
2026-06-30 19:16:03.040 [Thread-P1] INFO  com.mp3.desktop.Programme1 - Scan du repertoire : D:\ITU\S6\Mr Naina\Mp4\mp3-desktop\chanson
2026-06-30 19:16:03.060 [Thread-P1] INFO  com.mp3.desktop.Programme1 - Attente de 10000 ms avant le prochain scan...
2026-06-30 19:16:13.070 [Thread-P1] INFO  com.mp3.desktop.Programme1 - Scan du repertoire : D:\ITU\S6\Mr Naina\Mp4\mp3-desktop\chanson
2026-06-30 19:16:13.089 [Thread-P1] INFO  com.mp3.desktop.Programme1 - Attente de 10000 ms avant le prochain scan...
2026-06-30 19:16:23.101 [Thread-P1] INFO  com.mp3.desktop.Programme1 - Scan du repertoire : D:\ITU\S6\Mr Naina\Mp4\mp3-desktop\chanson
2026-06-30 19:16:23.122 [Thread-P1] INFO  com.mp3.desktop.Programme1 - Attente de 10000 ms avant le prochain scan...
2026-06-30 19:16:33.133 [Thread-P1] INFO  com.mp3.desktop.Programme1 - Scan du repertoire : D:\ITU\S6\Mr Naina\Mp4\mp3-desktop\chanson
2026-06-30 19:16:33.159 [Thread-P1] INFO  com.mp3.desktop.Programme1 - Attente de 10000 ms avant le prochain scan...
2026-06-30 19:16:43.168 [Thread-P1] INFO  com.mp3.desktop.Programme1 - Scan du repertoire : D:\ITU\S6\Mr Naina\Mp4\mp3-desktop\chanson
2026-06-30 19:16:43.188 [Thread-P1] INFO  com.mp3.desktop.Programme1 - Attente de 10000 ms avant le prochain scan...
2026-06-30 19:16:53.202 [Thread-P1] INFO  com.mp3.desktop.Programme1 - Scan du repertoire : D:\ITU\S6\Mr Naina\Mp4\mp3-desktop\chanson
2026-06-30 19:16:53.237 [Thread-P1] INFO  com.mp3.desktop.Programme1 - Attente de 10000 ms avant le prochain scan...
2026-06-30 19:17:03.248 [Thread-P1] INFO  com.mp3.desktop.Programme1 - Scan du repertoire : D:\ITU\S6\Mr Naina\Mp4\mp3-desktop\chanson
2026-06-30 19:17:03.269 [Thread-P1] INFO  com.mp3.desktop.Programme1 - Attente de 10000 ms avant le prochain scan...
2026-06-30 19:17:13.284 [Thread-P1] INFO  com.mp3.desktop.Programme1 - Scan du repertoire : D:\ITU\S6\Mr Naina\Mp4\mp3-desktop\chanson
2026-06-30 19:17:13.303 [Thread-P1] INFO  com.mp3.desktop.Programme1 - Attente de 10000 ms avant le prochain scan...
2026-06-30 19:17:23.304 [Thread-P1] INFO  com.mp3.desktop.Programme1 - Scan du repertoire : D:\ITU\S6\Mr Naina\Mp4\mp3-desktop\chanson
2026-06-30 19:17:23.327 [Thread-P1] INFO  com.mp3.desktop.Programme1 - Attente de 10000 ms avant le prochain scan...
2026-06-30 19:17:33.331 [Thread-P1] INFO  com.mp3.desktop.Programme1 - Scan du repertoire : D:\ITU\S6\Mr Naina\Mp4\mp3-desktop\chanson
2026-06-30 19:17:33.351 [Thread-P1] INFO  com.mp3.desktop.Programme1 - Attente de 10000 ms avant le prochain scan...
2026-06-30 19:17:43.366 [Thread-P1] INFO  com.mp3.desktop.Programme1 - Scan du repertoire : D:\ITU\S6\Mr Naina\Mp4\mp3-desktop\chanson
2026-06-30 19:17:43.387 [Thread-P1] INFO  com.mp3.desktop.Programme1 - Attente de 10000 ms avant le prochain scan...
2026-06-30 19:17:53.398 [Thread-P1] INFO  com.mp3.desktop.Programme1 - Scan du repertoire : D:\ITU\S6\Mr Naina\Mp4\mp3-desktop\chanson
2026-06-30 19:17:53.417 [Thread-P1] INFO  com.mp3.desktop.Programme1 - Attente de 10000 ms avant le prochain scan...
2026-06-30 19:18:03.422 [Thread-P1] INFO  com.mp3.desktop.Programme1 - Scan du repertoire : D:\ITU\S6\Mr Naina\Mp4\mp3-desktop\chanson
2026-06-30 19:18:03.441 [Thread-P1] INFO  com.mp3.desktop.Programme1 - Attente de 10000 ms avant le prochain scan...
2026-06-30 19:18:13.444 [Thread-P1] INFO  com.mp3.desktop.Programme1 - Scan du repertoire : D:\ITU\S6\Mr Naina\Mp4\mp3-desktop\chanson
2026-06-30 19:18:13.451 [Thread-P1] INFO  com.mp3.desktop.Programme1 - Attente de 10000 ms avant le prochain scan...
2026-06-30 19:18:23.452 [Thread-P1] INFO  com.mp3.desktop.Programme1 - Scan du repertoire : D:\ITU\S6\Mr Naina\Mp4\mp3-desktop\chanson
2026-06-30 19:18:23.472 [Thread-P1] INFO  com.mp3.desktop.Programme1 - Attente de 10000 ms avant le prochain scan...
2026-06-30 19:18:33.481 [Thread-P1] INFO  com.mp3.desktop.Programme1 - Scan du repertoire : D:\ITU\S6\Mr Naina\Mp4\mp3-desktop\chanson
2026-06-30 19:18:33.501 [Thread-P1] INFO  com.mp3.desktop.Programme1 - Attente de 10000 ms avant le prochain scan...
2026-06-30 19:18:43.503 [Thread-P1] INFO  com.mp3.desktop.Programme1 - Scan du repertoire : D:\ITU\S6\Mr Naina\Mp4\mp3-desktop\chanson
2026-06-30 19:18:43.523 [Thread-P1] INFO  com.mp3.desktop.Programme1 - Attente de 10000 ms avant le prochain scan...
2026-06-30 19:18:53.538 [Thread-P1] INFO  com.mp3.desktop.Programme1 - Scan du repertoire : D:\ITU\S6\Mr Naina\Mp4\mp3-desktop\chanson
2026-06-30 19:18:53.557 [Thread-P1] INFO  com.mp3.desktop.Programme1 - Attente de 10000 ms avant le prochain scan...
2026-06-30 19:19:03.561 [Thread-P1] INFO  com.mp3.desktop.Programme1 - Scan du repertoire : D:\ITU\S6\Mr Naina\Mp4\mp3-desktop\chanson
2026-06-30 19:19:03.581 [Thread-P1] INFO  com.mp3.desktop.Programme1 - Attente de 10000 ms avant le prochain scan...
2026-06-30 19:19:13.588 [Thread-P1] INFO  com.mp3.desktop.Programme1 - Scan du repertoire : D:\ITU\S6\Mr Naina\Mp4\mp3-desktop\chanson
2026-06-30 19:19:13.596 [Thread-P1] INFO  com.mp3.desktop.Programme1 - Attente de 10000 ms avant le prochain scan...
2026-06-30 19:19:23.598 [Thread-P1] INFO  com.mp3.desktop.Programme1 - Scan du repertoire : D:\ITU\S6\Mr Naina\Mp4\mp3-desktop\chanson
2026-06-30 19:19:23.619 [Thread-P1] INFO  com.mp3.desktop.Programme1 - Attente de 10000 ms avant le prochain scan...
2026-06-30 19:19:33.622 [Thread-P1] INFO  com.mp3.desktop.Programme1 - Scan du repertoire : D:\ITU\S6\Mr Naina\Mp4\mp3-desktop\chanson
2026-06-30 19:19:33.643 [Thread-P1] INFO  com.mp3.desktop.Programme1 - Attente de 10000 ms avant le prochain scan...
2026-06-30 19:19:43.650 [Thread-P1] INFO  com.mp3.desktop.Programme1 - Scan du repertoire : D:\ITU\S6\Mr Naina\Mp4\mp3-desktop\chanson
2026-06-30 19:19:43.669 [Thread-P1] INFO  com.mp3.desktop.Programme1 - Attente de 10000 ms avant le prochain scan...
2026-06-30 19:19:53.681 [Thread-P1] INFO  com.mp3.desktop.Programme1 - Scan du repertoire : D:\ITU\S6\Mr Naina\Mp4\mp3-desktop\chanson
2026-06-30 19:19:53.708 [Thread-P1] INFO  com.mp3.desktop.Programme1 - Attente de 10000 ms avant le prochain scan...
2026-06-30 19:20:03.724 [Thread-P1] INFO  com.mp3.desktop.Programme1 - Scan du repertoire : D:\ITU\S6\Mr Naina\Mp4\mp3-desktop\chanson
2026-06-30 19:20:03.744 [Thread-P1] INFO  com.mp3.desktop.Programme1 - Attente de 10000 ms avant le prochain scan...
2026-06-30 19:20:13.756 [Thread-P1] INFO  com.mp3.desktop.Programme1 - Scan du repertoire : D:\ITU\S6\Mr Naina\Mp4\mp3-desktop\chanson
2026-06-30 19:20:13.764 [Thread-P1] INFO  com.mp3.desktop.Programme1 - Attente de 10000 ms avant le prochain scan...
2026-06-30 19:20:23.769 [Thread-P1] INFO  com.mp3.desktop.Programme1 - Scan du repertoire : D:\ITU\S6\Mr Naina\Mp4\mp3-desktop\chanson
2026-06-30 19:20:23.781 [Thread-P1] INFO  com.mp3.desktop.Programme1 - Attente de 10000 ms avant le prochain scan...
2026-06-30 19:20:33.796 [Thread-P1] INFO  com.mp3.desktop.Programme1 - Scan du repertoire : D:\ITU\S6\Mr Naina\Mp4\mp3-desktop\chanson
2026-06-30 19:20:33.822 [Thread-P1] INFO  com.mp3.desktop.Programme1 - Attente de 10000 ms avant le prochain scan...
2026-06-30 19:20:43.824 [Thread-P1] INFO  com.mp3.desktop.Programme1 - Scan du repertoire : D:\ITU\S6\Mr Naina\Mp4\mp3-desktop\chanson
2026-06-30 19:20:43.852 [Thread-P1] INFO  com.mp3.desktop.Programme1 - Attente de 10000 ms avant le prochain scan...
2026-06-30 19:20:53.866 [Thread-P1] INFO  com.mp3.desktop.Programme1 - Scan du repertoire : D:\ITU\S6\Mr Naina\Mp4\mp3-desktop\chanson
2026-06-30 19:20:53.893 [Thread-P1] INFO  com.mp3.desktop.Programme1 - Attente de 10000 ms avant le prochain scan...
2026-06-30 19:21:03.896 [Thread-P1] INFO  com.mp3.desktop.Programme1 - Scan du repertoire : D:\ITU\S6\Mr Naina\Mp4\mp3-desktop\chanson
2026-06-30 19:21:03.904 [Thread-P1] INFO  com.mp3.desktop.Programme1 - Attente de 10000 ms avant le prochain scan...
2026-06-30 19:21:13.907 [Thread-P1] INFO  com.mp3.desktop.Programme1 - Scan du repertoire : D:\ITU\S6\Mr Naina\Mp4\mp3-desktop\chanson
2026-06-30 19:21:13.915 [Thread-P1] INFO  com.mp3.desktop.Programme1 - Attente de 10000 ms avant le prochain scan...
2026-06-30 19:21:23.916 [Thread-P1] INFO  com.mp3.desktop.Programme1 - Scan du repertoire : D:\ITU\S6\Mr Naina\Mp4\mp3-desktop\chanson
2026-06-30 19:21:23.924 [Thread-P1] INFO  com.mp3.desktop.Programme1 - Attente de 10000 ms avant le prochain scan...
2026-06-30 19:21:33.929 [Thread-P1] INFO  com.mp3.desktop.Programme1 - Scan du repertoire : D:\ITU\S6\Mr Naina\Mp4\mp3-desktop\chanson
2026-06-30 19:21:33.939 [Thread-P1] INFO  com.mp3.desktop.Programme1 - Attente de 10000 ms avant le prochain scan...
2026-06-30 19:21:43.950 [Thread-P1] INFO  com.mp3.desktop.Programme1 - Scan du repertoire : D:\ITU\S6\Mr Naina\Mp4\mp3-desktop\chanson
2026-06-30 19:21:43.973 [Thread-P1] INFO  com.mp3.desktop.Programme1 - Attente de 10000 ms avant le prochain scan...
2026-06-30 19:21:53.983 [Thread-P1] INFO  com.mp3.desktop.Programme1 - Scan du repertoire : D:\ITU\S6\Mr Naina\Mp4\mp3-desktop\chanson
2026-06-30 19:21:54.001 [Thread-P1] INFO  com.mp3.desktop.Programme1 - Attente de 10000 ms avant le prochain scan...
2026-06-30 19:22:04.009 [Thread-P1] INFO  com.mp3.desktop.Programme1 - Scan du repertoire : D:\ITU\S6\Mr Naina\Mp4\mp3-desktop\chanson
2026-06-30 19:22:04.034 [Thread-P1] INFO  com.mp3.desktop.Programme1 - Attente de 10000 ms avant le prochain scan...
2026-06-30 19:22:14.038 [Thread-P1] INFO  com.mp3.desktop.Programme1 - Scan du repertoire : D:\ITU\S6\Mr Naina\Mp4\mp3-desktop\chanson
2026-06-30 19:22:14.059 [Thread-P1] INFO  com.mp3.desktop.Programme1 - Attente de 10000 ms avant le prochain scan...
2026-06-30 19:22:24.063 [Thread-P1] INFO  com.mp3.desktop.Programme1 - Scan du repertoire : D:\ITU\S6\Mr Naina\Mp4\mp3-desktop\chanson
2026-06-30 19:22:24.073 [Thread-P1] INFO  com.mp3.desktop.Programme1 - Attente de 10000 ms avant le prochain scan...
2026-06-30 19:22:34.078 [Thread-P1] INFO  com.mp3.desktop.Programme1 - Scan du repertoire : D:\ITU\S6\Mr Naina\Mp4\mp3-desktop\chanson
2026-06-30 19:22:34.105 [Thread-P1] INFO  com.mp3.desktop.Programme1 - Attente de 10000 ms avant le prochain scan...
2026-06-30 19:22:44.108 [Thread-P1] INFO  com.mp3.desktop.Programme1 - Scan du repertoire : D:\ITU\S6\Mr Naina\Mp4\mp3-desktop\chanson
2026-06-30 19:22:44.122 [Thread-P1] INFO  com.mp3.desktop.Programme1 - Attente de 10000 ms avant le prochain scan...
2026-06-30 19:22:54.133 [Thread-P1] INFO  com.mp3.desktop.Programme1 - Scan du repertoire : D:\ITU\S6\Mr Naina\Mp4\mp3-desktop\chanson
2026-06-30 19:22:54.149 [Thread-P1] INFO  com.mp3.desktop.Programme1 - Attente de 10000 ms avant le prochain scan...
2026-06-30 19:23:04.161 [Thread-P1] INFO  com.mp3.desktop.Programme1 - Scan du repertoire : D:\ITU\S6\Mr Naina\Mp4\mp3-desktop\chanson
2026-06-30 19:23:04.176 [Thread-P1] INFO  com.mp3.desktop.Programme1 - Attente de 10000 ms avant le prochain scan...
2026-06-30 19:23:14.190 [Thread-P1] INFO  com.mp3.desktop.Programme1 - Scan du repertoire : D:\ITU\S6\Mr Naina\Mp4\mp3-desktop\chanson
2026-06-30 19:23:14.215 [Thread-P1] INFO  com.mp3.desktop.Programme1 - Attente de 10000 ms avant le prochain scan...
2026-06-30 19:23:24.217 [Thread-P1] INFO  com.mp3.desktop.Programme1 - Scan du repertoire : D:\ITU\S6\Mr Naina\Mp4\mp3-desktop\chanson
2026-06-30 19:23:24.244 [Thread-P1] INFO  com.mp3.desktop.Programme1 - Attente de 10000 ms avant le prochain scan...
2026-06-30 19:23:34.244 [Thread-P1] INFO  com.mp3.desktop.Programme1 - Scan du repertoire : D:\ITU\S6\Mr Naina\Mp4\mp3-desktop\chanson
2026-06-30 19:23:34.266 [Thread-P1] INFO  com.mp3.desktop.Programme1 - Attente de 10000 ms avant le prochain scan...
2026-06-30 19:23:44.270 [Thread-P1] INFO  com.mp3.desktop.Programme1 - Scan du repertoire : D:\ITU\S6\Mr Naina\Mp4\mp3-desktop\chanson
2026-06-30 19:23:44.291 [Thread-P1] INFO  com.mp3.desktop.Programme1 - Attente de 10000 ms avant le prochain scan...
2026-06-30 19:23:54.298 [Thread-P1] INFO  com.mp3.desktop.Programme1 - Scan du repertoire : D:\ITU\S6\Mr Naina\Mp4\mp3-desktop\chanson
2026-06-30 19:23:54.312 [Thread-P1] INFO  com.mp3.desktop.Programme1 - Attente de 10000 ms avant le prochain scan...
2026-06-30 19:24:04.328 [Thread-P1] INFO  com.mp3.desktop.Programme1 - Scan du repertoire : D:\ITU\S6\Mr Naina\Mp4\mp3-desktop\chanson
2026-06-30 19:24:04.356 [Thread-P1] INFO  com.mp3.desktop.Programme1 - Attente de 10000 ms avant le prochain scan...
2026-06-30 19:24:14.368 [Thread-P1] INFO  com.mp3.desktop.Programme1 - Scan du repertoire : D:\ITU\S6\Mr Naina\Mp4\mp3-desktop\chanson
2026-06-30 19:24:14.400 [Thread-P1] INFO  com.mp3.desktop.Programme1 - Attente de 10000 ms avant le prochain scan...
2026-06-30 19:24:24.414 [Thread-P1] INFO  com.mp3.desktop.Programme1 - Scan du repertoire : D:\ITU\S6\Mr Naina\Mp4\mp3-desktop\chanson
2026-06-30 19:24:24.440 [Thread-P1] INFO  com.mp3.desktop.Programme1 - Attente de 10000 ms avant le prochain scan...
2026-06-30 19:24:34.444 [Thread-P1] INFO  com.mp3.desktop.Programme1 - Scan du repertoire : D:\ITU\S6\Mr Naina\Mp4\mp3-desktop\chanson
2026-06-30 19:24:34.461 [Thread-P1] INFO  com.mp3.desktop.Programme1 - Attente de 10000 ms avant le prochain scan...
2026-06-30 19:24:44.468 [Thread-P1] INFO  com.mp3.desktop.Programme1 - Scan du repertoire : D:\ITU\S6\Mr Naina\Mp4\mp3-desktop\chanson
2026-06-30 19:24:44.482 [Thread-P1] INFO  com.mp3.desktop.Programme1 - Attente de 10000 ms avant le prochain scan...
2026-06-30 19:24:54.489 [Thread-P1] INFO  com.mp3.desktop.Programme1 - Scan du repertoire : D:\ITU\S6\Mr Naina\Mp4\mp3-desktop\chanson
2026-06-30 19:24:54.511 [Thread-P1] INFO  com.mp3.desktop.Programme1 - Attente de 10000 ms avant le prochain scan...
2026-06-30 19:25:04.524 [Thread-P1] INFO  com.mp3.desktop.Programme1 - Scan du repertoire : D:\ITU\S6\Mr Naina\Mp4\mp3-desktop\chanson
2026-06-30 19:25:04.537 [Thread-P1] INFO  com.mp3.desktop.Programme1 - Attente de 10000 ms avant le prochain scan...
2026-06-30 19:25:14.538 [Thread-P1] INFO  com.mp3.desktop.Programme1 - Scan du repertoire : D:\ITU\S6\Mr Naina\Mp4\mp3-desktop\chanson
2026-06-30 19:25:14.544 [Thread-P1] INFO  com.mp3.desktop.Programme1 - Attente de 10000 ms avant le prochain scan...
2026-06-30 19:25:24.549 [Thread-P1] INFO  com.mp3.desktop.Programme1 - Scan du repertoire : D:\ITU\S6\Mr Naina\Mp4\mp3-desktop\chanson
2026-06-30 19:25:24.557 [Thread-P1] INFO  com.mp3.desktop.Programme1 - Attente de 10000 ms avant le prochain scan...
2026-06-30 19:25:34.560 [Thread-P1] INFO  com.mp3.desktop.Programme1 - Scan du repertoire : D:\ITU\S6\Mr Naina\Mp4\mp3-desktop\chanson
2026-06-30 19:25:34.581 [Thread-P1] INFO  com.mp3.desktop.Programme1 - Attente de 10000 ms avant le prochain scan...
2026-06-30 19:25:44.587 [Thread-P1] INFO  com.mp3.desktop.Programme1 - Scan du repertoire : D:\ITU\S6\Mr Naina\Mp4\mp3-desktop\chanson
2026-06-30 19:25:44.611 [Thread-P1] INFO  com.mp3.desktop.Programme1 - Attente de 10000 ms avant le prochain scan...
2026-06-30 19:25:54.614 [Thread-P1] INFO  com.mp3.desktop.Programme1 - Scan du repertoire : D:\ITU\S6\Mr Naina\Mp4\mp3-desktop\chanson
2026-06-30 19:25:54.636 [Thread-P1] INFO  com.mp3.desktop.Programme1 - Attente de 10000 ms avant le prochain scan...
2026-06-30 19:26:04.650 [Thread-P1] INFO  com.mp3.desktop.Programme1 - Scan du repertoire : D:\ITU\S6\Mr Naina\Mp4\mp3-desktop\chanson
2026-06-30 19:26:04.657 [Thread-P1] INFO  com.mp3.desktop.Programme1 - Attente de 10000 ms avant le prochain scan...
2026-06-30 19:26:14.672 [Thread-P1] INFO  com.mp3.desktop.Programme1 - Scan du repertoire : D:\ITU\S6\Mr Naina\Mp4\mp3-desktop\chanson
2026-06-30 19:26:14.690 [Thread-P1] INFO  com.mp3.desktop.Programme1 - Attente de 10000 ms avant le prochain scan...
2026-06-30 19:26:24.695 [Thread-P1] INFO  com.mp3.desktop.Programme1 - Scan du repertoire : D:\ITU\S6\Mr Naina\Mp4\mp3-desktop\chanson
2026-06-30 19:26:24.700 [Thread-P1] INFO  com.mp3.desktop.Programme1 - Attente de 10000 ms avant le prochain scan...
2026-06-30 19:26:34.709 [Thread-P1] INFO  com.mp3.desktop.Programme1 - Scan du repertoire : D:\ITU\S6\Mr Naina\Mp4\mp3-desktop\chanson
2026-06-30 19:26:34.727 [Thread-P1] INFO  com.mp3.desktop.Programme1 - Attente de 10000 ms avant le prochain scan...
2026-06-30 19:26:44.735 [Thread-P1] INFO  com.mp3.desktop.Programme1 - Scan du repertoire : D:\ITU\S6\Mr Naina\Mp4\mp3-desktop\chanson
2026-06-30 19:26:44.744 [Thread-P1] INFO  com.mp3.desktop.Programme1 - Attente de 10000 ms avant le prochain scan...
2026-06-30 19:26:54.758 [Thread-P1] INFO  com.mp3.desktop.Programme1 - Scan du repertoire : D:\ITU\S6\Mr Naina\Mp4\mp3-desktop\chanson
2026-06-30 19:26:54.774 [Thread-P1] INFO  com.mp3.desktop.Programme1 - Attente de 10000 ms avant le prochain scan...
2026-06-30 19:27:04.781 [Thread-P1] INFO  com.mp3.desktop.Programme1 - Scan du repertoire : D:\ITU\S6\Mr Naina\Mp4\mp3-desktop\chanson
2026-06-30 19:27:04.781 [Thread-P1] INFO  com.mp3.desktop.Programme1 - Attente de 10000 ms avant le prochain scan...
2026-06-30 19:27:14.802 [Thread-P1] INFO  com.mp3.desktop.Programme1 - Scan du repertoire : D:\ITU\S6\Mr Naina\Mp4\mp3-desktop\chanson
2026-06-30 19:27:14.824 [Thread-P1] INFO  com.mp3.desktop.Programme1 - Attente de 10000 ms avant le prochain scan...
2026-06-30 19:27:24.831 [Thread-P1] INFO  com.mp3.desktop.Programme1 - Scan du repertoire : D:\ITU\S6\Mr Naina\Mp4\mp3-desktop\chanson
2026-06-30 19:27:24.858 [Thread-P1] INFO  com.mp3.desktop.Programme1 - Attente de 10000 ms avant le prochain scan...
2026-06-30 19:27:34.872 [Thread-P1] INFO  com.mp3.desktop.Programme1 - Scan du repertoire : D:\ITU\S6\Mr Naina\Mp4\mp3-desktop\chanson
2026-06-30 19:27:34.894 [Thread-P1] INFO  com.mp3.desktop.Programme1 - Attente de 10000 ms avant le prochain scan...
2026-06-30 19:27:44.903 [Thread-P1] INFO  com.mp3.desktop.Programme1 - Scan du repertoire : D:\ITU\S6\Mr Naina\Mp4\mp3-desktop\chanson
2026-06-30 19:27:44.928 [Thread-P1] INFO  com.mp3.desktop.Programme1 - Attente de 10000 ms avant le prochain scan...
2026-06-30 19:27:54.931 [Thread-P1] INFO  com.mp3.desktop.Programme1 - Scan du repertoire : D:\ITU\S6\Mr Naina\Mp4\mp3-desktop\chanson
2026-06-30 19:27:54.958 [Thread-P1] INFO  com.mp3.desktop.Programme1 - Attente de 10000 ms avant le prochain scan...
2026-06-30 19:28:04.974 [Thread-P1] INFO  com.mp3.desktop.Programme1 - Scan du repertoire : D:\ITU\S6\Mr Naina\Mp4\mp3-desktop\chanson
2026-06-30 19:28:04.991 [Thread-P1] INFO  com.mp3.desktop.Programme1 - Attente de 10000 ms avant le prochain scan...
2026-06-30 19:28:15.002 [Thread-P1] INFO  com.mp3.desktop.Programme1 - Scan du repertoire : D:\ITU\S6\Mr Naina\Mp4\mp3-desktop\chanson
2026-06-30 19:28:15.029 [Thread-P1] INFO  com.mp3.desktop.Programme1 - Attente de 10000 ms avant le prochain scan...
2026-06-30 19:28:25.031 [Thread-P1] INFO  com.mp3.desktop.Programme1 - Scan du repertoire : D:\ITU\S6\Mr Naina\Mp4\mp3-desktop\chanson
2026-06-30 19:28:25.044 [Thread-P1] INFO  com.mp3.desktop.Programme1 - Attente de 10000 ms avant le prochain scan...
2026-06-30 19:28:35.056 [Thread-P1] INFO  com.mp3.desktop.Programme1 - Scan du repertoire : D:\ITU\S6\Mr Naina\Mp4\mp3-desktop\chanson
2026-06-30 19:28:35.080 [Thread-P1] INFO  com.mp3.desktop.Programme1 - Attente de 10000 ms avant le prochain scan...
2026-06-30 19:28:45.086 [Thread-P1] INFO  com.mp3.desktop.Programme1 - Scan du repertoire : D:\ITU\S6\Mr Naina\Mp4\mp3-desktop\chanson
2026-06-30 19:28:45.112 [Thread-P1] INFO  com.mp3.desktop.Programme1 - Attente de 10000 ms avant le prochain scan...
2026-06-30 19:28:55.114 [Thread-P1] INFO  com.mp3.desktop.Programme1 - Scan du repertoire : D:\ITU\S6\Mr Naina\Mp4\mp3-desktop\chanson
2026-06-30 19:28:55.138 [Thread-P1] INFO  com.mp3.desktop.Programme1 - Attente de 10000 ms avant le prochain scan...
2026-06-30 19:29:05.140 [Thread-P1] INFO  com.mp3.desktop.Programme1 - Scan du repertoire : D:\ITU\S6\Mr Naina\Mp4\mp3-desktop\chanson
2026-06-30 19:29:05.163 [Thread-P1] INFO  com.mp3.desktop.Programme1 - Attente de 10000 ms avant le prochain scan...
2026-06-30 19:29:15.169 [Thread-P1] INFO  com.mp3.desktop.Programme1 - Scan du repertoire : D:\ITU\S6\Mr Naina\Mp4\mp3-desktop\chanson
2026-06-30 19:29:15.180 [Thread-P1] INFO  com.mp3.desktop.Programme1 - Attente de 10000 ms avant le prochain scan...
2026-06-30 19:29:25.186 [Thread-P1] INFO  com.mp3.desktop.Programme1 - Scan du repertoire : D:\ITU\S6\Mr Naina\Mp4\mp3-desktop\chanson
2026-06-30 19:29:25.206 [Thread-P1] INFO  com.mp3.desktop.Programme1 - Attente de 10000 ms avant le prochain scan...
2026-06-30 19:29:35.210 [Thread-P1] INFO  com.mp3.desktop.Programme1 - Scan du repertoire : D:\ITU\S6\Mr Naina\Mp4\mp3-desktop\chanson
2026-06-30 19:29:35.234 [Thread-P1] INFO  com.mp3.desktop.Programme1 - Attente de 10000 ms avant le prochain scan...
2026-06-30 19:29:45.237 [Thread-P1] INFO  com.mp3.desktop.Programme1 - Scan du repertoire : D:\ITU\S6\Mr Naina\Mp4\mp3-desktop\chanson
2026-06-30 19:29:45.248 [Thread-P1] INFO  com.mp3.desktop.Programme1 - Attente de 10000 ms avant le prochain scan...
2026-06-30 19:29:55.251 [Thread-P1] INFO  com.mp3.desktop.Programme1 - Scan du repertoire : D:\ITU\S6\Mr Naina\Mp4\mp3-desktop\chanson
2026-06-30 19:29:55.277 [Thread-P1] INFO  com.mp3.desktop.Programme1 - Attente de 10000 ms avant le prochain scan...
2026-06-30 19:29:59.274 [Thread-P1] WARN  com.mp3.desktop.Programme1 - Programme 1 interrompu
2026-06-30 19:30:21.124 [Thread-P1] INFO  com.mp3.desktop.Programme1 - === Demarrage du Programme 1 ===
2026-06-30 19:30:21.124 [Thread-P1] INFO  com.mp3.desktop.Programme1 - Scan du repertoire : D:\ITU\S6\Mr Naina\Mp4\mp3-desktop\chanson
2026-06-30 19:30:21.146 [Thread-P1] INFO  com.mp3.desktop.Programme1 - Attente de 10000 ms avant le prochain scan...
2026-06-30 19:30:31.159 [Thread-P1] INFO  com.mp3.desktop.Programme1 - Scan du repertoire : D:\ITU\S6\Mr Naina\Mp4\mp3-desktop\chanson
2026-06-30 19:30:31.169 [Thread-P1] INFO  com.mp3.desktop.Programme1 - Attente de 10000 ms avant le prochain scan...
2026-06-30 19:31:01.532 [Thread-P1] INFO  com.mp3.desktop.Programme1 - === Demarrage du Programme 1 ===
2026-06-30 19:31:01.533 [Thread-P1] INFO  com.mp3.desktop.Programme1 - Scan du repertoire : D:\ITU\S6\Mr Naina\Mp4\mp3-desktop\chanson
2026-06-30 19:31:01.548 [Thread-P1] INFO  com.mp3.desktop.Programme1 - Attente de 10000 ms avant le prochain scan...
2026-06-30 19:31:11.555 [Thread-P1] INFO  com.mp3.desktop.Programme1 - Scan du repertoire : D:\ITU\S6\Mr Naina\Mp4\mp3-desktop\chanson
2026-06-30 19:31:11.574 [Thread-P1] INFO  com.mp3.desktop.Programme1 - Attente de 10000 ms avant le prochain scan...
2026-06-30 19:31:21.593 [Thread-P1] INFO  com.mp3.desktop.Programme1 - Scan du repertoire : D:\ITU\S6\Mr Naina\Mp4\mp3-desktop\chanson
2026-06-30 19:31:21.600 [Thread-P1] INFO  com.mp3.desktop.Programme1 - Attente de 10000 ms avant le prochain scan...
2026-06-30 19:31:31.612 [Thread-P1] INFO  com.mp3.desktop.Programme1 - Scan du repertoire : D:\ITU\S6\Mr Naina\Mp4\mp3-desktop\chanson
2026-06-30 19:31:31.655 [Thread-P1] INFO  com.mp3.desktop.Programme1 - -> Message envoye a RabbitMQ [queue_liste_mp3] : D:\ITU\S6\Mr Naina\Mp4\mp3-desktop\chanson\Ankino.mp3
2026-06-30 19:31:31.656 [Thread-P1] INFO  com.mp3.desktop.Programme1 - -> Message envoye a RabbitMQ [queue_liste_mp3] : D:\ITU\S6\Mr Naina\Mp4\mp3-desktop\chanson\Antanambao.MP3
2026-06-30 19:31:31.657 [Thread-P1] INFO  com.mp3.desktop.Programme1 - -> Message envoye a RabbitMQ [queue_liste_mp3] : D:\ITU\S6\Mr Naina\Mp4\mp3-desktop\chanson\IAO.MP3
2026-06-30 19:31:31.660 [Thread-P1] INFO  com.mp3.desktop.Programme1 - Attente de 10000 ms avant le prochain scan...
2026-06-30 19:31:41.670 [Thread-P1] INFO  com.mp3.desktop.Programme1 - Scan du repertoire : D:\ITU\S6\Mr Naina\Mp4\mp3-desktop\chanson
2026-06-30 19:31:41.691 [Thread-P1] INFO  com.mp3.desktop.Programme1 - Attente de 10000 ms avant le prochain scan...
2026-06-30 19:31:51.707 [Thread-P1] INFO  com.mp3.desktop.Programme1 - Scan du repertoire : D:\ITU\S6\Mr Naina\Mp4\mp3-desktop\chanson
2026-06-30 19:31:51.724 [Thread-P1] INFO  com.mp3.desktop.Programme1 - Attente de 10000 ms avant le prochain scan...
2026-06-30 19:32:01.732 [Thread-P1] INFO  com.mp3.desktop.Programme1 - Scan du repertoire : D:\ITU\S6\Mr Naina\Mp4\mp3-desktop\chanson
2026-06-30 19:32:01.753 [Thread-P1] INFO  com.mp3.desktop.Programme1 - Attente de 10000 ms avant le prochain scan...
2026-06-30 19:32:11.758 [Thread-P1] INFO  com.mp3.desktop.Programme1 - Scan du repertoire : D:\ITU\S6\Mr Naina\Mp4\mp3-desktop\chanson
2026-06-30 19:32:11.766 [Thread-P1] INFO  com.mp3.desktop.Programme1 - Attente de 10000 ms avant le prochain scan...
2026-06-30 19:32:21.771 [Thread-P1] INFO  com.mp3.desktop.Programme1 - Scan du repertoire : D:\ITU\S6\Mr Naina\Mp4\mp3-desktop\chanson
2026-06-30 19:32:21.788 [Thread-P1] INFO  com.mp3.desktop.Programme1 - Attente de 10000 ms avant le prochain scan...
2026-06-30 19:32:31.810 [Thread-P1] INFO  com.mp3.desktop.Programme1 - Scan du repertoire : D:\ITU\S6\Mr Naina\Mp4\mp3-desktop\chanson
2026-06-30 19:32:31.838 [Thread-P1] INFO  com.mp3.desktop.Programme1 - Attente de 10000 ms avant le prochain scan...
2026-06-30 19:32:41.840 [Thread-P1] INFO  com.mp3.desktop.Programme1 - Scan du repertoire : D:\ITU\S6\Mr Naina\Mp4\mp3-desktop\chanson
2026-06-30 19:32:41.857 [Thread-P1] INFO  com.mp3.desktop.Programme1 - Attente de 10000 ms avant le prochain scan...
2026-06-30 19:32:51.866 [Thread-P1] INFO  com.mp3.desktop.Programme1 - Scan du repertoire : D:\ITU\S6\Mr Naina\Mp4\mp3-desktop\chanson
2026-06-30 19:32:51.870 [Thread-P1] INFO  com.mp3.desktop.Programme1 - Attente de 10000 ms avant le prochain scan...
2026-06-30 19:33:01.876 [Thread-P1] INFO  com.mp3.desktop.Programme1 - Scan du repertoire : D:\ITU\S6\Mr Naina\Mp4\mp3-desktop\chanson
2026-06-30 19:33:01.903 [Thread-P1] INFO  com.mp3.desktop.Programme1 - Attente de 10000 ms avant le prochain scan...
2026-06-30 19:33:11.913 [Thread-P1] INFO  com.mp3.desktop.Programme1 - Scan du repertoire : D:\ITU\S6\Mr Naina\Mp4\mp3-desktop\chanson
2026-06-30 19:33:11.938 [Thread-P1] INFO  com.mp3.desktop.Programme1 - Attente de 10000 ms avant le prochain scan...
2026-06-30 19:33:21.953 [Thread-P1] INFO  com.mp3.desktop.Programme1 - Scan du repertoire : D:\ITU\S6\Mr Naina\Mp4\mp3-desktop\chanson
2026-06-30 19:33:21.959 [Thread-P1] INFO  com.mp3.desktop.Programme1 - Attente de 10000 ms avant le prochain scan...
2026-06-30 19:33:31.973 [Thread-P1] INFO  com.mp3.desktop.Programme1 - Scan du repertoire : D:\ITU\S6\Mr Naina\Mp4\mp3-desktop\chanson
2026-06-30 19:33:31.994 [Thread-P1] INFO  com.mp3.desktop.Programme1 - Attente de 10000 ms avant le prochain scan...
2026-06-30 19:33:42.010 [Thread-P1] INFO  com.mp3.desktop.Programme1 - Scan du repertoire : D:\ITU\S6\Mr Naina\Mp4\mp3-desktop\chanson
2026-06-30 19:33:42.026 [Thread-P1] INFO  com.mp3.desktop.Programme1 - Attente de 10000 ms avant le prochain scan...
2026-06-30 19:33:52.038 [Thread-P1] INFO  com.mp3.desktop.Programme1 - Scan du repertoire : D:\ITU\S6\Mr Naina\Mp4\mp3-desktop\chanson
2026-06-30 19:33:52.056 [Thread-P1] INFO  com.mp3.desktop.Programme1 - Attente de 10000 ms avant le prochain scan...
2026-06-30 19:34:02.069 [Thread-P1] INFO  com.mp3.desktop.Programme1 - Scan du repertoire : D:\ITU\S6\Mr Naina\Mp4\mp3-desktop\chanson
2026-06-30 19:34:02.099 [Thread-P1] INFO  com.mp3.desktop.Programme1 - Attente de 10000 ms avant le prochain scan...
2026-06-30 19:34:12.109 [Thread-P1] INFO  com.mp3.desktop.Programme1 - Scan du repertoire : D:\ITU\S6\Mr Naina\Mp4\mp3-desktop\chanson
2026-06-30 19:34:12.130 [Thread-P1] INFO  com.mp3.desktop.Programme1 - Attente de 10000 ms avant le prochain scan...
2026-06-30 19:34:22.144 [Thread-P1] INFO  com.mp3.desktop.Programme1 - Scan du repertoire : D:\ITU\S6\Mr Naina\Mp4\mp3-desktop\chanson
2026-06-30 19:34:22.156 [Thread-P1] INFO  com.mp3.desktop.Programme1 - Attente de 10000 ms avant le prochain scan...
2026-06-30 19:34:32.172 [Thread-P1] INFO  com.mp3.desktop.Programme1 - Scan du repertoire : D:\ITU\S6\Mr Naina\Mp4\mp3-desktop\chanson
2026-06-30 19:34:32.173 [Thread-P1] INFO  com.mp3.desktop.Programme1 - Attente de 10000 ms avant le prochain scan...
2026-06-30 19:34:42.184 [Thread-P1] INFO  com.mp3.desktop.Programme1 - Scan du repertoire : D:\ITU\S6\Mr Naina\Mp4\mp3-desktop\chanson
2026-06-30 19:34:42.204 [Thread-P1] INFO  com.mp3.desktop.Programme1 - Attente de 10000 ms avant le prochain scan...
2026-06-30 19:34:52.210 [Thread-P1] INFO  com.mp3.desktop.Programme1 - Scan du repertoire : D:\ITU\S6\Mr Naina\Mp4\mp3-desktop\chanson
2026-06-30 19:34:52.238 [Thread-P1] INFO  com.mp3.desktop.Programme1 - Attente de 10000 ms avant le prochain scan...
2026-06-30 19:35:02.254 [Thread-P1] INFO  com.mp3.desktop.Programme1 - Scan du repertoire : D:\ITU\S6\Mr Naina\Mp4\mp3-desktop\chanson
2026-06-30 19:35:02.274 [Thread-P1] INFO  com.mp3.desktop.Programme1 - Attente de 10000 ms avant le prochain scan...
2026-06-30 19:35:12.294 [Thread-P1] INFO  com.mp3.desktop.Programme1 - Scan du repertoire : D:\ITU\S6\Mr Naina\Mp4\mp3-desktop\chanson
2026-06-30 19:35:12.310 [Thread-P1] INFO  com.mp3.desktop.Programme1 - Attente de 10000 ms avant le prochain scan...
2026-06-30 19:35:22.320 [Thread-P1] INFO  com.mp3.desktop.Programme1 - Scan du repertoire : D:\ITU\S6\Mr Naina\Mp4\mp3-desktop\chanson
2026-06-30 19:35:22.338 [Thread-P1] INFO  com.mp3.desktop.Programme1 - Attente de 10000 ms avant le prochain scan...
2026-06-30 19:35:32.346 [Thread-P1] INFO  com.mp3.desktop.Programme1 - Scan du repertoire : D:\ITU\S6\Mr Naina\Mp4\mp3-desktop\chanson
2026-06-30 19:35:32.388 [Thread-P1] INFO  com.mp3.desktop.Programme1 - Attente de 10000 ms avant le prochain scan...
2026-06-30 19:35:42.403 [Thread-P1] INFO  com.mp3.desktop.Programme1 - Scan du repertoire : D:\ITU\S6\Mr Naina\Mp4\mp3-desktop\chanson
2026-06-30 19:35:42.429 [Thread-P1] INFO  com.mp3.desktop.Programme1 - Attente de 10000 ms avant le prochain scan...
2026-06-30 19:35:52.446 [Thread-P1] INFO  com.mp3.desktop.Programme1 - Scan du repertoire : D:\ITU\S6\Mr Naina\Mp4\mp3-desktop\chanson
2026-06-30 19:35:52.450 [Thread-P1] INFO  com.mp3.desktop.Programme1 - Attente de 10000 ms avant le prochain scan...
2026-06-30 19:36:02.460 [Thread-P1] INFO  com.mp3.desktop.Programme1 - Scan du repertoire : D:\ITU\S6\Mr Naina\Mp4\mp3-desktop\chanson
2026-06-30 19:36:02.476 [Thread-P1] INFO  com.mp3.desktop.Programme1 - Attente de 10000 ms avant le prochain scan...
2026-06-30 19:36:12.487 [Thread-P1] INFO  com.mp3.desktop.Programme1 - Scan du repertoire : D:\ITU\S6\Mr Naina\Mp4\mp3-desktop\chanson
2026-06-30 19:36:12.493 [Thread-P1] INFO  com.mp3.desktop.Programme1 - Attente de 10000 ms avant le prochain scan...
2026-06-30 19:36:22.503 [Thread-P1] INFO  com.mp3.desktop.Programme1 - Scan du repertoire : D:\ITU\S6\Mr Naina\Mp4\mp3-desktop\chanson
2026-06-30 19:36:22.519 [Thread-P1] INFO  com.mp3.desktop.Programme1 - Attente de 10000 ms avant le prochain scan...
2026-06-30 19:36:32.527 [Thread-P1] INFO  com.mp3.desktop.Programme1 - Scan du repertoire : D:\ITU\S6\Mr Naina\Mp4\mp3-desktop\chanson
2026-06-30 19:36:32.543 [Thread-P1] INFO  com.mp3.desktop.Programme1 - Attente de 10000 ms avant le prochain scan...
2026-06-30 19:36:42.553 [Thread-P1] INFO  com.mp3.desktop.Programme1 - Scan du repertoire : D:\ITU\S6\Mr Naina\Mp4\mp3-desktop\chanson
2026-06-30 19:36:42.565 [Thread-P1] INFO  com.mp3.desktop.Programme1 - Attente de 10000 ms avant le prochain scan...
2026-06-30 19:36:52.568 [Thread-P1] INFO  com.mp3.desktop.Programme1 - Scan du repertoire : D:\ITU\S6\Mr Naina\Mp4\mp3-desktop\chanson
2026-06-30 19:36:52.598 [Thread-P1] INFO  com.mp3.desktop.Programme1 - Attente de 10000 ms avant le prochain scan...
2026-06-30 19:37:02.603 [Thread-P1] INFO  com.mp3.desktop.Programme1 - Scan du repertoire : D:\ITU\S6\Mr Naina\Mp4\mp3-desktop\chanson
2026-06-30 19:37:02.618 [Thread-P1] INFO  com.mp3.desktop.Programme1 - Attente de 10000 ms avant le prochain scan...
2026-06-30 19:37:12.624 [Thread-P1] INFO  com.mp3.desktop.Programme1 - Scan du repertoire : D:\ITU\S6\Mr Naina\Mp4\mp3-desktop\chanson
2026-06-30 19:37:12.648 [Thread-P1] INFO  com.mp3.desktop.Programme1 - Attente de 10000 ms avant le prochain scan...
2026-06-30 19:37:22.656 [Thread-P1] INFO  com.mp3.desktop.Programme1 - Scan du repertoire : D:\ITU\S6\Mr Naina\Mp4\mp3-desktop\chanson
2026-06-30 19:37:22.660 [Thread-P1] INFO  com.mp3.desktop.Programme1 - Attente de 10000 ms avant le prochain scan...
2026-06-30 19:37:32.672 [Thread-P1] INFO  com.mp3.desktop.Programme1 - Scan du repertoire : D:\ITU\S6\Mr Naina\Mp4\mp3-desktop\chanson
2026-06-30 19:37:32.690 [Thread-P1] INFO  com.mp3.desktop.Programme1 - Attente de 10000 ms avant le prochain scan...
2026-06-30 19:37:42.702 [Thread-P1] INFO  com.mp3.desktop.Programme1 - Scan du repertoire : D:\ITU\S6\Mr Naina\Mp4\mp3-desktop\chanson
2026-06-30 19:37:42.722 [Thread-P1] INFO  com.mp3.desktop.Programme1 - Attente de 10000 ms avant le prochain scan...
2026-06-30 19:37:52.727 [Thread-P1] INFO  com.mp3.desktop.Programme1 - Scan du repertoire : D:\ITU\S6\Mr Naina\Mp4\mp3-desktop\chanson
2026-06-30 19:37:52.730 [Thread-P1] INFO  com.mp3.desktop.Programme1 - Attente de 10000 ms avant le prochain scan...
2026-06-30 19:38:02.750 [Thread-P1] INFO  com.mp3.desktop.Programme1 - Scan du repertoire : D:\ITU\S6\Mr Naina\Mp4\mp3-desktop\chanson
2026-06-30 19:38:02.761 [Thread-P1] INFO  com.mp3.desktop.Programme1 - Attente de 10000 ms avant le prochain scan...
2026-06-30 19:38:12.765 [Thread-P1] INFO  com.mp3.desktop.Programme1 - Scan du repertoire : D:\ITU\S6\Mr Naina\Mp4\mp3-desktop\chanson
2026-06-30 19:38:12.785 [Thread-P1] INFO  com.mp3.desktop.Programme1 - Attente de 10000 ms avant le prochain scan...
2026-06-30 19:38:22.792 [Thread-P1] INFO  com.mp3.desktop.Programme1 - Scan du repertoire : D:\ITU\S6\Mr Naina\Mp4\mp3-desktop\chanson
2026-06-30 19:38:22.801 [Thread-P1] INFO  com.mp3.desktop.Programme1 - Attente de 10000 ms avant le prochain scan...
2026-06-30 19:38:32.816 [Thread-P1] INFO  com.mp3.desktop.Programme1 - Scan du repertoire : D:\ITU\S6\Mr Naina\Mp4\mp3-desktop\chanson
2026-06-30 19:38:32.823 [Thread-P1] INFO  com.mp3.desktop.Programme1 - Attente de 10000 ms avant le prochain scan...
2026-06-30 19:38:42.829 [Thread-P1] INFO  com.mp3.desktop.Programme1 - Scan du repertoire : D:\ITU\S6\Mr Naina\Mp4\mp3-desktop\chanson
2026-06-30 19:38:42.848 [Thread-P1] INFO  com.mp3.desktop.Programme1 - Attente de 10000 ms avant le prochain scan...
2026-06-30 19:38:52.853 [Thread-P1] INFO  com.mp3.desktop.Programme1 - Scan du repertoire : D:\ITU\S6\Mr Naina\Mp4\mp3-desktop\chanson
2026-06-30 19:38:52.866 [Thread-P1] INFO  com.mp3.desktop.Programme1 - Attente de 10000 ms avant le prochain scan...
2026-06-30 19:39:02.871 [Thread-P1] INFO  com.mp3.desktop.Programme1 - Scan du repertoire : D:\ITU\S6\Mr Naina\Mp4\mp3-desktop\chanson
2026-06-30 19:39:02.895 [Thread-P1] INFO  com.mp3.desktop.Programme1 - Attente de 10000 ms avant le prochain scan...
2026-06-30 19:39:12.900 [Thread-P1] INFO  com.mp3.desktop.Programme1 - Scan du repertoire : D:\ITU\S6\Mr Naina\Mp4\mp3-desktop\chanson
2026-06-30 19:39:12.914 [Thread-P1] INFO  com.mp3.desktop.Programme1 - Attente de 10000 ms avant le prochain scan...
2026-06-30 19:39:22.919 [Thread-P1] INFO  com.mp3.desktop.Programme1 - Scan du repertoire : D:\ITU\S6\Mr Naina\Mp4\mp3-desktop\chanson
2026-06-30 19:39:22.929 [Thread-P1] INFO  com.mp3.desktop.Programme1 - Attente de 10000 ms avant le prochain scan...
2026-06-30 19:39:32.951 [Thread-P1] INFO  com.mp3.desktop.Programme1 - Scan du repertoire : D:\ITU\S6\Mr Naina\Mp4\mp3-desktop\chanson
2026-06-30 19:39:32.966 [Thread-P1] INFO  com.mp3.desktop.Programme1 - Attente de 10000 ms avant le prochain scan...
2026-06-30 19:39:42.968 [Thread-P1] INFO  com.mp3.desktop.Programme1 - Scan du repertoire : D:\ITU\S6\Mr Naina\Mp4\mp3-desktop\chanson
2026-06-30 19:39:42.977 [Thread-P1] INFO  com.mp3.desktop.Programme1 - Attente de 10000 ms avant le prochain scan...
2026-06-30 19:39:52.987 [Thread-P1] INFO  com.mp3.desktop.Programme1 - Scan du repertoire : D:\ITU\S6\Mr Naina\Mp4\mp3-desktop\chanson
2026-06-30 19:39:52.996 [Thread-P1] INFO  com.mp3.desktop.Programme1 - Attente de 10000 ms avant le prochain scan...
2026-06-30 19:40:03.000 [Thread-P1] INFO  com.mp3.desktop.Programme1 - Scan du repertoire : D:\ITU\S6\Mr Naina\Mp4\mp3-desktop\chanson
2026-06-30 19:40:03.006 [Thread-P1] INFO  com.mp3.desktop.Programme1 - Attente de 10000 ms avant le prochain scan...
2026-06-30 19:40:13.016 [Thread-P1] INFO  com.mp3.desktop.Programme1 - Scan du repertoire : D:\ITU\S6\Mr Naina\Mp4\mp3-desktop\chanson
2026-06-30 19:40:13.036 [Thread-P1] INFO  com.mp3.desktop.Programme1 - Attente de 10000 ms avant le prochain scan...
2026-06-30 19:40:23.045 [Thread-P1] INFO  com.mp3.desktop.Programme1 - Scan du repertoire : D:\ITU\S6\Mr Naina\Mp4\mp3-desktop\chanson
2026-06-30 19:40:23.068 [Thread-P1] INFO  com.mp3.desktop.Programme1 - Attente de 10000 ms avant le prochain scan...
2026-06-30 19:40:33.083 [Thread-P1] INFO  com.mp3.desktop.Programme1 - Scan du repertoire : D:\ITU\S6\Mr Naina\Mp4\mp3-desktop\chanson
2026-06-30 19:40:33.095 [Thread-P1] INFO  com.mp3.desktop.Programme1 - Attente de 10000 ms avant le prochain scan...
2026-06-30 19:40:43.106 [Thread-P1] INFO  com.mp3.desktop.Programme1 - Scan du repertoire : D:\ITU\S6\Mr Naina\Mp4\mp3-desktop\chanson
2026-06-30 19:40:43.118 [Thread-P1] INFO  com.mp3.desktop.Programme1 - Attente de 10000 ms avant le prochain scan...
2026-06-30 19:40:53.124 [Thread-P1] INFO  com.mp3.desktop.Programme1 - Scan du repertoire : D:\ITU\S6\Mr Naina\Mp4\mp3-desktop\chanson
2026-06-30 19:40:53.129 [Thread-P1] INFO  com.mp3.desktop.Programme1 - Attente de 10000 ms avant le prochain scan...
2026-06-30 19:41:03.139 [Thread-P1] INFO  com.mp3.desktop.Programme1 - Scan du repertoire : D:\ITU\S6\Mr Naina\Mp4\mp3-desktop\chanson
2026-06-30 19:41:03.157 [Thread-P1] INFO  com.mp3.desktop.Programme1 - Attente de 10000 ms avant le prochain scan...
2026-06-30 19:41:13.163 [Thread-P1] INFO  com.mp3.desktop.Programme1 - Scan du repertoire : D:\ITU\S6\Mr Naina\Mp4\mp3-desktop\chanson
2026-06-30 19:41:13.174 [Thread-P1] INFO  com.mp3.desktop.Programme1 - Attente de 10000 ms avant le prochain scan...
2026-06-30 19:41:23.186 [Thread-P1] INFO  com.mp3.desktop.Programme1 - Scan du repertoire : D:\ITU\S6\Mr Naina\Mp4\mp3-desktop\chanson
2026-06-30 19:41:23.207 [Thread-P1] INFO  com.mp3.desktop.Programme1 - Attente de 10000 ms avant le prochain scan...
2026-06-30 19:41:33.220 [Thread-P1] INFO  com.mp3.desktop.Programme1 - Scan du repertoire : D:\ITU\S6\Mr Naina\Mp4\mp3-desktop\chanson
2026-06-30 19:41:33.243 [Thread-P1] INFO  com.mp3.desktop.Programme1 - Attente de 10000 ms avant le prochain scan...
2026-06-30 19:41:43.253 [Thread-P1] INFO  com.mp3.desktop.Programme1 - Scan du repertoire : D:\ITU\S6\Mr Naina\Mp4\mp3-desktop\chanson
2026-06-30 19:41:43.270 [Thread-P1] INFO  com.mp3.desktop.Programme1 - Attente de 10000 ms avant le prochain scan...
2026-06-30 19:41:53.281 [Thread-P1] INFO  com.mp3.desktop.Programme1 - Scan du repertoire : D:\ITU\S6\Mr Naina\Mp4\mp3-desktop\chanson
2026-06-30 19:41:53.290 [Thread-P1] INFO  com.mp3.desktop.Programme1 - Attente de 10000 ms avant le prochain scan...
2026-06-30 19:42:03.295 [Thread-P1] INFO  com.mp3.desktop.Programme1 - Scan du repertoire : D:\ITU\S6\Mr Naina\Mp4\mp3-desktop\chanson
2026-06-30 19:42:03.322 [Thread-P1] INFO  com.mp3.desktop.Programme1 - Attente de 10000 ms avant le prochain scan...
2026-06-30 19:42:13.327 [Thread-P1] INFO  com.mp3.desktop.Programme1 - Scan du repertoire : D:\ITU\S6\Mr Naina\Mp4\mp3-desktop\chanson
2026-06-30 19:42:13.348 [Thread-P1] INFO  com.mp3.desktop.Programme1 - Attente de 10000 ms avant le prochain scan...
