2026-06-28 13:00:23.874 [Thread-P1] INFO  com.mp3.desktop.Programme1 - === Demarrage du Programme 1 ===
2026-06-28 13:00:23.889 [Thread-P1] INFO  com.mp3.desktop.Programme1 - Scan du repertoire : D:\ITU\S6\Mr Naina\Mp4\mp3-desktop\chanson
2026-06-28 13:00:23.927 [Thread-P1] INFO  com.mp3.desktop.Programme1 - Attente de 10000 ms avant le prochain scan...
2026-06-28 13:00:33.930 [Thread-P1] INFO  com.mp3.desktop.Programme1 - Scan du repertoire : D:\ITU\S6\Mr Naina\Mp4\mp3-desktop\chanson
2026-06-28 13:00:33.935 [Thread-P1] INFO  com.mp3.desktop.Programme1 - Attente de 10000 ms avant le prochain scan...
2026-06-28 13:00:43.939 [Thread-P1] INFO  com.mp3.desktop.Programme1 - Scan du repertoire : D:\ITU\S6\Mr Naina\Mp4\mp3-desktop\chanson
2026-06-28 13:00:44.817 [Thread-P1] INFO  com.mp3.desktop.Programme1 - Attente de 10000 ms avant le prochain scan...
2026-06-28 13:00:54.833 [Thread-P1] INFO  com.mp3.desktop.Programme1 - Scan du repertoire : D:\ITU\S6\Mr Naina\Mp4\mp3-desktop\chanson
2026-06-28 13:00:54.840 [Thread-P1] INFO  com.mp3.desktop.Programme1 - Attente de 10000 ms avant le prochain scan...
2026-06-28 13:01:04.844 [Thread-P1] INFO  com.mp3.desktop.Programme1 - Scan du repertoire : D:\ITU\S6\Mr Naina\Mp4\mp3-desktop\chanson
2026-06-28 13:01:04.861 [Thread-P1] INFO  com.mp3.desktop.Programme1 - Attente de 10000 ms avant le prochain scan...
2026-06-28 13:01:14.869 [Thread-P1] INFO  com.mp3.desktop.Programme1 - Scan du repertoire : D:\ITU\S6\Mr Naina\Mp4\mp3-desktop\chanson
2026-06-28 13:01:14.877 [Thread-P1] INFO  com.mp3.desktop.Programme1 - Attente de 10000 ms avant le prochain scan...
2026-06-28 13:01:24.888 [Thread-P1] INFO  com.mp3.desktop.Programme1 - Scan du repertoire : D:\ITU\S6\Mr Naina\Mp4\mp3-desktop\chanson
2026-06-28 13:01:24.905 [Thread-P1] INFO  com.mp3.desktop.Programme1 - Attente de 10000 ms avant le prochain scan...
2026-06-28 13:01:34.908 [Thread-P1] INFO  com.mp3.desktop.Programme1 - Scan du repertoire : D:\ITU\S6\Mr Naina\Mp4\mp3-desktop\chanson
2026-06-28 13:01:34.919 [Thread-P1] INFO  com.mp3.desktop.Programme1 - Attente de 10000 ms avant le prochain scan...
2026-06-28 13:01:44.922 [Thread-P1] INFO  com.mp3.desktop.Programme1 - Scan du repertoire : D:\ITU\S6\Mr Naina\Mp4\mp3-desktop\chanson
2026-06-28 13:01:44.930 [Thread-P1] INFO  com.mp3.desktop.Programme1 - Attente de 10000 ms avant le prochain scan...
2026-06-28 13:01:54.932 [Thread-P1] INFO  com.mp3.desktop.Programme1 - Scan du repertoire : D:\ITU\S6\Mr Naina\Mp4\mp3-desktop\chanson
2026-06-28 13:01:54.943 [Thread-P1] INFO  com.mp3.desktop.Programme1 - Attente de 10000 ms avant le prochain scan...
2026-06-28 13:02:04.946 [Thread-P1] INFO  com.mp3.desktop.Programme1 - Scan du repertoire : D:\ITU\S6\Mr Naina\Mp4\mp3-desktop\chanson
2026-06-28 13:02:04.970 [Thread-P1] INFO  com.mp3.desktop.Programme1 - Attente de 10000 ms avant le prochain scan...
2026-06-28 13:02:14.974 [Thread-P1] INFO  com.mp3.desktop.Programme1 - Scan du repertoire : D:\ITU\S6\Mr Naina\Mp4\mp3-desktop\chanson
2026-06-28 13:02:14.991 [Thread-P1] INFO  com.mp3.desktop.Programme1 - Attente de 10000 ms avant le prochain scan...
2026-06-28 13:02:24.998 [Thread-P1] INFO  com.mp3.desktop.Programme1 - Scan du repertoire : D:\ITU\S6\Mr Naina\Mp4\mp3-desktop\chanson
2026-06-28 13:02:25.008 [Thread-P1] INFO  com.mp3.desktop.Programme1 - Attente de 10000 ms avant le prochain scan...
2026-06-28 13:02:35.016 [Thread-P1] INFO  com.mp3.desktop.Programme1 - Scan du repertoire : D:\ITU\S6\Mr Naina\Mp4\mp3-desktop\chanson
2026-06-28 13:02:35.024 [Thread-P1] INFO  com.mp3.desktop.Programme1 - Attente de 10000 ms avant le prochain scan...
2026-06-28 13:02:45.025 [Thread-P1] INFO  com.mp3.desktop.Programme1 - Scan du repertoire : D:\ITU\S6\Mr Naina\Mp4\mp3-desktop\chanson
2026-06-28 13:02:45.039 [Thread-P1] INFO  com.mp3.desktop.Programme1 - Attente de 10000 ms avant le prochain scan...
2026-06-28 13:02:55.046 [Thread-P1] INFO  com.mp3.desktop.Programme1 - Scan du repertoire : D:\ITU\S6\Mr Naina\Mp4\mp3-desktop\chanson
2026-06-28 13:02:55.062 [Thread-P1] INFO  com.mp3.desktop.Programme1 - Attente de 10000 ms avant le prochain scan...
2026-06-28 13:03:05.066 [Thread-P1] INFO  com.mp3.desktop.Programme1 - Scan du repertoire : D:\ITU\S6\Mr Naina\Mp4\mp3-desktop\chanson
2026-06-28 13:03:05.090 [Thread-P1] INFO  com.mp3.desktop.Programme1 - Attente de 10000 ms avant le prochain scan...
2026-06-28 13:03:15.092 [Thread-P1] INFO  com.mp3.desktop.Programme1 - Scan du repertoire : D:\ITU\S6\Mr Naina\Mp4\mp3-desktop\chanson
2026-06-28 13:03:15.102 [Thread-P1] INFO  com.mp3.desktop.Programme1 - Attente de 10000 ms avant le prochain scan...
2026-06-28 13:03:25.116 [Thread-P1] INFO  com.mp3.desktop.Programme1 - Scan du repertoire : D:\ITU\S6\Mr Naina\Mp4\mp3-desktop\chanson
2026-06-28 13:03:25.133 [Thread-P1] INFO  com.mp3.desktop.Programme1 - Attente de 10000 ms avant le prochain scan...
2026-06-28 13:03:35.144 [Thread-P1] INFO  com.mp3.desktop.Programme1 - Scan du repertoire : D:\ITU\S6\Mr Naina\Mp4\mp3-desktop\chanson
2026-06-28 13:03:35.168 [Thread-P1] INFO  com.mp3.desktop.Programme1 - Attente de 10000 ms avant le prochain scan...
2026-06-28 13:03:45.170 [Thread-P1] INFO  com.mp3.desktop.Programme1 - Scan du repertoire : D:\ITU\S6\Mr Naina\Mp4\mp3-desktop\chanson
2026-06-28 13:03:45.182 [Thread-P1] INFO  com.mp3.desktop.Programme1 - Attente de 10000 ms avant le prochain scan...
2026-06-28 13:03:55.190 [Thread-P1] INFO  com.mp3.desktop.Programme1 - Scan du repertoire : D:\ITU\S6\Mr Naina\Mp4\mp3-desktop\chanson
2026-06-28 13:03:55.211 [Thread-P1] INFO  com.mp3.desktop.Programme1 - Attente de 10000 ms avant le prochain scan...
2026-06-28 13:04:05.213 [Thread-P1] INFO  com.mp3.desktop.Programme1 - Scan du repertoire : D:\ITU\S6\Mr Naina\Mp4\mp3-desktop\chanson
2026-06-28 13:04:05.233 [Thread-P1] INFO  com.mp3.desktop.Programme1 - Attente de 10000 ms avant le prochain scan...
2026-06-28 13:04:15.237 [Thread-P1] INFO  com.mp3.desktop.Programme1 - Scan du repertoire : D:\ITU\S6\Mr Naina\Mp4\mp3-desktop\chanson
2026-06-28 13:04:15.262 [Thread-P1] INFO  com.mp3.desktop.Programme1 - Attente de 10000 ms avant le prochain scan...
2026-06-28 13:04:25.267 [Thread-P1] INFO  com.mp3.desktop.Programme1 - Scan du repertoire : D:\ITU\S6\Mr Naina\Mp4\mp3-desktop\chanson
2026-06-28 13:04:25.292 [Thread-P1] INFO  com.mp3.desktop.Programme1 - Attente de 10000 ms avant le prochain scan...
2026-06-28 13:04:35.310 [Thread-P1] INFO  com.mp3.desktop.Programme1 - Scan du repertoire : D:\ITU\S6\Mr Naina\Mp4\mp3-desktop\chanson
2026-06-28 13:04:35.336 [Thread-P1] INFO  com.mp3.desktop.Programme1 - Attente de 10000 ms avant le prochain scan...
2026-06-28 13:04:45.342 [Thread-P1] INFO  com.mp3.desktop.Programme1 - Scan du repertoire : D:\ITU\S6\Mr Naina\Mp4\mp3-desktop\chanson
2026-06-28 13:04:45.365 [Thread-P1] INFO  com.mp3.desktop.Programme1 - Attente de 10000 ms avant le prochain scan...
2026-06-28 13:04:55.366 [Thread-P1] INFO  com.mp3.desktop.Programme1 - Scan du repertoire : D:\ITU\S6\Mr Naina\Mp4\mp3-desktop\chanson
2026-06-28 13:04:55.394 [Thread-P1] INFO  com.mp3.desktop.Programme1 - Attente de 10000 ms avant le prochain scan...
2026-06-28 13:05:05.408 [Thread-P1] INFO  com.mp3.desktop.Programme1 - Scan du repertoire : D:\ITU\S6\Mr Naina\Mp4\mp3-desktop\chanson
2026-06-28 13:05:05.422 [Thread-P1] INFO  com.mp3.desktop.Programme1 - Attente de 10000 ms avant le prochain scan...
2026-06-28 13:05:15.425 [Thread-P1] INFO  com.mp3.desktop.Programme1 - Scan du repertoire : D:\ITU\S6\Mr Naina\Mp4\mp3-desktop\chanson
2026-06-28 13:05:15.437 [Thread-P1] INFO  com.mp3.desktop.Programme1 - Attente de 10000 ms avant le prochain scan...
2026-06-28 13:05:25.438 [Thread-P1] INFO  com.mp3.desktop.Programme1 - Scan du repertoire : D:\ITU\S6\Mr Naina\Mp4\mp3-desktop\chanson
2026-06-28 13:05:25.449 [Thread-P1] INFO  com.mp3.desktop.Programme1 - Attente de 10000 ms avant le prochain scan...
2026-06-28 13:05:35.450 [Thread-P1] INFO  com.mp3.desktop.Programme1 - Scan du repertoire : D:\ITU\S6\Mr Naina\Mp4\mp3-desktop\chanson
2026-06-28 13:05:35.467 [Thread-P1] INFO  com.mp3.desktop.Programme1 - Attente de 10000 ms avant le prochain scan...
2026-06-28 13:05:45.479 [Thread-P1] INFO  com.mp3.desktop.Programme1 - Scan du repertoire : D:\ITU\S6\Mr Naina\Mp4\mp3-desktop\chanson
2026-06-28 13:05:45.489 [Thread-P1] INFO  com.mp3.desktop.Programme1 - Attente de 10000 ms avant le prochain scan...
2026-06-28 13:05:55.497 [Thread-P1] INFO  com.mp3.desktop.Programme1 - Scan du repertoire : D:\ITU\S6\Mr Naina\Mp4\mp3-desktop\chanson
2026-06-28 13:05:55.504 [Thread-P1] INFO  com.mp3.desktop.Programme1 - Attente de 10000 ms avant le prochain scan...
2026-06-28 13:06:05.521 [Thread-P1] INFO  com.mp3.desktop.Programme1 - Scan du repertoire : D:\ITU\S6\Mr Naina\Mp4\mp3-desktop\chanson
2026-06-28 13:06:05.754 [Thread-P1] INFO  com.mp3.desktop.Programme1 - Attente de 10000 ms avant le prochain scan...
2026-06-28 13:06:15.775 [Thread-P1] INFO  com.mp3.desktop.Programme1 - Scan du repertoire : D:\ITU\S6\Mr Naina\Mp4\mp3-desktop\chanson
2026-06-28 13:06:15.900 [Thread-P1] INFO  com.mp3.desktop.Programme1 - Attente de 10000 ms avant le prochain scan...
2026-06-28 13:06:25.912 [Thread-P1] INFO  com.mp3.desktop.Programme1 - Scan du repertoire : D:\ITU\S6\Mr Naina\Mp4\mp3-desktop\chanson
2026-06-28 13:06:25.937 [Thread-P1] INFO  com.mp3.desktop.Programme1 - Attente de 10000 ms avant le prochain scan...
2026-06-28 13:06:35.954 [Thread-P1] INFO  com.mp3.desktop.Programme1 - Scan du repertoire : D:\ITU\S6\Mr Naina\Mp4\mp3-desktop\chanson
2026-06-28 13:06:35.982 [Thread-P1] INFO  com.mp3.desktop.Programme1 - Attente de 10000 ms avant le prochain scan...
2026-06-28 13:06:45.989 [Thread-P1] INFO  com.mp3.desktop.Programme1 - Scan du repertoire : D:\ITU\S6\Mr Naina\Mp4\mp3-desktop\chanson
2026-06-28 13:06:46.014 [Thread-P1] INFO  com.mp3.desktop.Programme1 - Attente de 10000 ms avant le prochain scan...
2026-06-28 13:06:56.018 [Thread-P1] INFO  com.mp3.desktop.Programme1 - Scan du repertoire : D:\ITU\S6\Mr Naina\Mp4\mp3-desktop\chanson
2026-06-28 13:06:56.038 [Thread-P1] INFO  com.mp3.desktop.Programme1 - Attente de 10000 ms avant le prochain scan...
2026-06-28 13:07:06.056 [Thread-P1] INFO  com.mp3.desktop.Programme1 - Scan du repertoire : D:\ITU\S6\Mr Naina\Mp4\mp3-desktop\chanson
2026-06-28 13:07:06.064 [Thread-P1] INFO  com.mp3.desktop.Programme1 - Attente de 10000 ms avant le prochain scan...
2026-06-28 13:07:16.068 [Thread-P1] INFO  com.mp3.desktop.Programme1 - Scan du repertoire : D:\ITU\S6\Mr Naina\Mp4\mp3-desktop\chanson
2026-06-28 13:07:16.094 [Thread-P1] INFO  com.mp3.desktop.Programme1 - Attente de 10000 ms avant le prochain scan...
2026-06-28 13:07:26.111 [Thread-P1] INFO  com.mp3.desktop.Programme1 - Scan du repertoire : D:\ITU\S6\Mr Naina\Mp4\mp3-desktop\chanson
2026-06-28 13:07:26.144 [Thread-P1] INFO  com.mp3.desktop.Programme1 - Attente de 10000 ms avant le prochain scan...
2026-06-28 13:07:36.152 [Thread-P1] INFO  com.mp3.desktop.Programme1 - Scan du repertoire : D:\ITU\S6\Mr Naina\Mp4\mp3-desktop\chanson
2026-06-28 13:07:36.176 [Thread-P1] INFO  com.mp3.desktop.Programme1 - Attente de 10000 ms avant le prochain scan...
2026-06-28 13:07:46.184 [Thread-P1] INFO  com.mp3.desktop.Programme1 - Scan du repertoire : D:\ITU\S6\Mr Naina\Mp4\mp3-desktop\chanson
2026-06-28 13:07:46.190 [Thread-P1] INFO  com.mp3.desktop.Programme1 - Attente de 10000 ms avant le prochain scan...
2026-06-28 13:07:56.195 [Thread-P1] INFO  com.mp3.desktop.Programme1 - Scan du repertoire : D:\ITU\S6\Mr Naina\Mp4\mp3-desktop\chanson
2026-06-28 13:07:56.221 [Thread-P1] INFO  com.mp3.desktop.Programme1 - Attente de 10000 ms avant le prochain scan...
2026-06-28 13:08:06.229 [Thread-P1] INFO  com.mp3.desktop.Programme1 - Scan du repertoire : D:\ITU\S6\Mr Naina\Mp4\mp3-desktop\chanson
2026-06-28 13:08:06.251 [Thread-P1] INFO  com.mp3.desktop.Programme1 - Attente de 10000 ms avant le prochain scan...
2026-06-28 13:08:16.252 [Thread-P1] INFO  com.mp3.desktop.Programme1 - Scan du repertoire : D:\ITU\S6\Mr Naina\Mp4\mp3-desktop\chanson
2026-06-28 13:08:16.260 [Thread-P1] INFO  com.mp3.desktop.Programme1 - Attente de 10000 ms avant le prochain scan...
2026-06-28 13:08:26.262 [Thread-P1] INFO  com.mp3.desktop.Programme1 - Scan du repertoire : D:\ITU\S6\Mr Naina\Mp4\mp3-desktop\chanson
2026-06-28 13:08:26.272 [Thread-P1] INFO  com.mp3.desktop.Programme1 - Attente de 10000 ms avant le prochain scan...
2026-06-28 13:08:36.277 [Thread-P1] INFO  com.mp3.desktop.Programme1 - Scan du repertoire : D:\ITU\S6\Mr Naina\Mp4\mp3-desktop\chanson
2026-06-28 13:08:36.296 [Thread-P1] INFO  com.mp3.desktop.Programme1 - Attente de 10000 ms avant le prochain scan...
2026-06-28 13:08:46.299 [Thread-P1] INFO  com.mp3.desktop.Programme1 - Scan du repertoire : D:\ITU\S6\Mr Naina\Mp4\mp3-desktop\chanson
2026-06-28 13:08:46.326 [Thread-P1] INFO  com.mp3.desktop.Programme1 - Attente de 10000 ms avant le prochain scan...
2026-06-28 13:08:56.327 [Thread-P1] INFO  com.mp3.desktop.Programme1 - Scan du repertoire : D:\ITU\S6\Mr Naina\Mp4\mp3-desktop\chanson
2026-06-28 13:08:56.330 [Thread-P1] INFO  com.mp3.desktop.Programme1 - Attente de 10000 ms avant le prochain scan...
2026-06-28 13:09:06.339 [Thread-P1] INFO  com.mp3.desktop.Programme1 - Scan du repertoire : D:\ITU\S6\Mr Naina\Mp4\mp3-desktop\chanson
2026-06-28 13:09:06.348 [Thread-P1] INFO  com.mp3.desktop.Programme1 - Attente de 10000 ms avant le prochain scan...
2026-06-28 13:09:16.353 [Thread-P1] INFO  com.mp3.desktop.Programme1 - Scan du repertoire : D:\ITU\S6\Mr Naina\Mp4\mp3-desktop\chanson
2026-06-28 13:09:16.366 [Thread-P1] INFO  com.mp3.desktop.Programme1 - Attente de 10000 ms avant le prochain scan...
2026-06-28 13:09:26.379 [Thread-P1] INFO  com.mp3.desktop.Programme1 - Scan du repertoire : D:\ITU\S6\Mr Naina\Mp4\mp3-desktop\chanson
2026-06-28 13:09:26.386 [Thread-P1] INFO  com.mp3.desktop.Programme1 - Attente de 10000 ms avant le prochain scan...
2026-06-28 13:09:36.400 [Thread-P1] INFO  com.mp3.desktop.Programme1 - Scan du repertoire : D:\ITU\S6\Mr Naina\Mp4\mp3-desktop\chanson
2026-06-28 13:09:36.409 [Thread-P1] INFO  com.mp3.desktop.Programme1 - Attente de 10000 ms avant le prochain scan...
2026-06-28 13:09:46.416 [Thread-P1] INFO  com.mp3.desktop.Programme1 - Scan du repertoire : D:\ITU\S6\Mr Naina\Mp4\mp3-desktop\chanson
2026-06-28 13:09:46.428 [Thread-P1] INFO  com.mp3.desktop.Programme1 - Attente de 10000 ms avant le prochain scan...
2026-06-28 13:09:56.443 [Thread-P1] INFO  com.mp3.desktop.Programme1 - Scan du repertoire : D:\ITU\S6\Mr Naina\Mp4\mp3-desktop\chanson
2026-06-28 13:09:56.446 [Thread-P1] INFO  com.mp3.desktop.Programme1 - Attente de 10000 ms avant le prochain scan...
2026-06-28 13:10:06.455 [Thread-P1] INFO  com.mp3.desktop.Programme1 - Scan du repertoire : D:\ITU\S6\Mr Naina\Mp4\mp3-desktop\chanson
2026-06-28 13:10:06.484 [Thread-P1] INFO  com.mp3.desktop.Programme1 - Attente de 10000 ms avant le prochain scan...
2026-06-28 13:10:16.499 [Thread-P1] INFO  com.mp3.desktop.Programme1 - Scan du repertoire : D:\ITU\S6\Mr Naina\Mp4\mp3-desktop\chanson
2026-06-28 13:10:16.507 [Thread-P1] INFO  com.mp3.desktop.Programme1 - Attente de 10000 ms avant le prochain scan...
2026-06-28 13:10:26.511 [Thread-P1] INFO  com.mp3.desktop.Programme1 - Scan du repertoire : D:\ITU\S6\Mr Naina\Mp4\mp3-desktop\chanson
2026-06-28 13:10:26.554 [Thread-P1] INFO  com.mp3.desktop.Programme1 - Attente de 10000 ms avant le prochain scan...
2026-06-28 13:10:36.555 [Thread-P1] INFO  com.mp3.desktop.Programme1 - Scan du repertoire : D:\ITU\S6\Mr Naina\Mp4\mp3-desktop\chanson
2026-06-28 13:10:36.569 [Thread-P1] INFO  com.mp3.desktop.Programme1 - Attente de 10000 ms avant le prochain scan...
2026-06-28 13:10:46.578 [Thread-P1] INFO  com.mp3.desktop.Programme1 - Scan du repertoire : D:\ITU\S6\Mr Naina\Mp4\mp3-desktop\chanson
2026-06-28 13:10:46.588 [Thread-P1] INFO  com.mp3.desktop.Programme1 - Attente de 10000 ms avant le prochain scan...
2026-06-28 13:10:56.594 [Thread-P1] INFO  com.mp3.desktop.Programme1 - Scan du repertoire : D:\ITU\S6\Mr Naina\Mp4\mp3-desktop\chanson
2026-06-28 13:10:56.622 [Thread-P1] INFO  com.mp3.desktop.Programme1 - Attente de 10000 ms avant le prochain scan...
2026-06-28 13:11:06.634 [Thread-P1] INFO  com.mp3.desktop.Programme1 - Scan du repertoire : D:\ITU\S6\Mr Naina\Mp4\mp3-desktop\chanson
2026-06-28 13:11:06.649 [Thread-P1] INFO  com.mp3.desktop.Programme1 - Attente de 10000 ms avant le prochain scan...
2026-06-28 13:11:16.658 [Thread-P1] INFO  com.mp3.desktop.Programme1 - Scan du repertoire : D:\ITU\S6\Mr Naina\Mp4\mp3-desktop\chanson
2026-06-28 13:11:16.678 [Thread-P1] INFO  com.mp3.desktop.Programme1 - Attente de 10000 ms avant le prochain scan...
2026-06-28 13:11:26.690 [Thread-P1] INFO  com.mp3.desktop.Programme1 - Scan du repertoire : D:\ITU\S6\Mr Naina\Mp4\mp3-desktop\chanson
2026-06-28 13:11:26.717 [Thread-P1] INFO  com.mp3.desktop.Programme1 - Attente de 10000 ms avant le prochain scan...
2026-06-28 13:11:36.734 [Thread-P1] INFO  com.mp3.desktop.Programme1 - Scan du repertoire : D:\ITU\S6\Mr Naina\Mp4\mp3-desktop\chanson
2026-06-28 13:11:36.754 [Thread-P1] INFO  com.mp3.desktop.Programme1 - Attente de 10000 ms avant le prochain scan...
2026-06-28 13:11:46.768 [Thread-P1] INFO  com.mp3.desktop.Programme1 - Scan du repertoire : D:\ITU\S6\Mr Naina\Mp4\mp3-desktop\chanson
2026-06-28 13:11:46.790 [Thread-P1] INFO  com.mp3.desktop.Programme1 - Attente de 10000 ms avant le prochain scan...
2026-06-28 13:11:56.797 [Thread-P1] INFO  com.mp3.desktop.Programme1 - Scan du repertoire : D:\ITU\S6\Mr Naina\Mp4\mp3-desktop\chanson
2026-06-28 13:11:56.811 [Thread-P1] INFO  com.mp3.desktop.Programme1 - Attente de 10000 ms avant le prochain scan...
2026-06-28 13:12:06.824 [Thread-P1] INFO  com.mp3.desktop.Programme1 - Scan du repertoire : D:\ITU\S6\Mr Naina\Mp4\mp3-desktop\chanson
2026-06-28 13:12:06.844 [Thread-P1] INFO  com.mp3.desktop.Programme1 - Attente de 10000 ms avant le prochain scan...
2026-06-28 13:12:16.853 [Thread-P1] INFO  com.mp3.desktop.Programme1 - Scan du repertoire : D:\ITU\S6\Mr Naina\Mp4\mp3-desktop\chanson
2026-06-28 13:12:16.860 [Thread-P1] INFO  com.mp3.desktop.Programme1 - Attente de 10000 ms avant le prochain scan...
2026-06-28 13:12:26.861 [Thread-P1] INFO  com.mp3.desktop.Programme1 - Scan du repertoire : D:\ITU\S6\Mr Naina\Mp4\mp3-desktop\chanson
2026-06-28 13:12:26.885 [Thread-P1] INFO  com.mp3.desktop.Programme1 - Attente de 10000 ms avant le prochain scan...
2026-06-28 13:12:36.888 [Thread-P1] INFO  com.mp3.desktop.Programme1 - Scan du repertoire : D:\ITU\S6\Mr Naina\Mp4\mp3-desktop\chanson
2026-06-28 13:12:36.898 [Thread-P1] INFO  com.mp3.desktop.Programme1 - Attente de 10000 ms avant le prochain scan...
2026-06-28 13:12:46.899 [Thread-P1] INFO  com.mp3.desktop.Programme1 - Scan du repertoire : D:\ITU\S6\Mr Naina\Mp4\mp3-desktop\chanson
2026-06-28 13:12:46.908 [Thread-P1] INFO  com.mp3.desktop.Programme1 - Attente de 10000 ms avant le prochain scan...
2026-06-28 13:12:56.910 [Thread-P1] INFO  com.mp3.desktop.Programme1 - Scan du repertoire : D:\ITU\S6\Mr Naina\Mp4\mp3-desktop\chanson
2026-06-28 13:12:56.925 [Thread-P1] INFO  com.mp3.desktop.Programme1 - Attente de 10000 ms avant le prochain scan...
2026-06-28 13:13:05.704 [Thread-P1] WARN  com.mp3.desktop.Programme1 - Programme 1 interrompu
2026-06-28 13:13:39.156 [Thread-P1] INFO  com.mp3.desktop.Programme1 - === Demarrage du Programme 1 ===
2026-06-28 13:13:39.157 [Thread-P1] INFO  com.mp3.desktop.Programme1 - Scan du repertoire : D:\ITU\S6\Mr Naina\Mp4\mp3-desktop\chanson
2026-06-28 13:13:39.177 [Thread-P1] INFO  com.mp3.desktop.Programme1 - Attente de 10000 ms avant le prochain scan...
2026-06-28 13:13:49.190 [Thread-P1] INFO  com.mp3.desktop.Programme1 - Scan du repertoire : D:\ITU\S6\Mr Naina\Mp4\mp3-desktop\chanson
2026-06-28 13:13:49.429 [Thread-P1] INFO  com.mp3.desktop.Programme1 - Attente de 10000 ms avant le prochain scan...
2026-06-28 13:13:59.441 [Thread-P1] INFO  com.mp3.desktop.Programme1 - Scan du repertoire : D:\ITU\S6\Mr Naina\Mp4\mp3-desktop\chanson
2026-06-28 13:13:59.454 [Thread-P1] INFO  com.mp3.desktop.Programme1 - Attente de 10000 ms avant le prochain scan...
2026-06-28 13:14:09.469 [Thread-P1] INFO  com.mp3.desktop.Programme1 - Scan du repertoire : D:\ITU\S6\Mr Naina\Mp4\mp3-desktop\chanson
2026-06-28 13:14:09.482 [Thread-P1] INFO  com.mp3.desktop.Programme1 - Attente de 10000 ms avant le prochain scan...
2026-06-28 13:14:19.496 [Thread-P1] INFO  com.mp3.desktop.Programme1 - Scan du repertoire : D:\ITU\S6\Mr Naina\Mp4\mp3-desktop\chanson
2026-06-28 13:14:19.506 [Thread-P1] INFO  com.mp3.desktop.Programme1 - Attente de 10000 ms avant le prochain scan...
2026-06-28 13:14:29.519 [Thread-P1] INFO  com.mp3.desktop.Programme1 - Scan du repertoire : D:\ITU\S6\Mr Naina\Mp4\mp3-desktop\chanson
2026-06-28 13:14:29.530 [Thread-P1] INFO  com.mp3.desktop.Programme1 - Attente de 10000 ms avant le prochain scan...
2026-06-28 13:14:39.538 [Thread-P1] INFO  com.mp3.desktop.Programme1 - Scan du repertoire : D:\ITU\S6\Mr Naina\Mp4\mp3-desktop\chanson
2026-06-28 13:14:39.555 [Thread-P1] INFO  com.mp3.desktop.Programme1 - Attente de 10000 ms avant le prochain scan...
2026-06-28 13:14:49.561 [Thread-P1] INFO  com.mp3.desktop.Programme1 - Scan du repertoire : D:\ITU\S6\Mr Naina\Mp4\mp3-desktop\chanson
2026-06-28 13:14:49.584 [Thread-P1] INFO  com.mp3.desktop.Programme1 - Attente de 10000 ms avant le prochain scan...
2026-06-28 13:14:59.601 [Thread-P1] INFO  com.mp3.desktop.Programme1 - Scan du repertoire : D:\ITU\S6\Mr Naina\Mp4\mp3-desktop\chanson
2026-06-28 13:14:59.637 [Thread-P1] INFO  com.mp3.desktop.Programme1 - Attente de 10000 ms avant le prochain scan...
2026-06-28 13:15:09.656 [Thread-P1] INFO  com.mp3.desktop.Programme1 - Scan du repertoire : D:\ITU\S6\Mr Naina\Mp4\mp3-desktop\chanson
2026-06-28 13:15:09.673 [Thread-P1] INFO  com.mp3.desktop.Programme1 - Attente de 10000 ms avant le prochain scan...
2026-06-28 13:15:19.688 [Thread-P1] INFO  com.mp3.desktop.Programme1 - Scan du repertoire : D:\ITU\S6\Mr Naina\Mp4\mp3-desktop\chanson
2026-06-28 13:15:19.711 [Thread-P1] INFO  com.mp3.desktop.Programme1 - Attente de 10000 ms avant le prochain scan...
2026-06-28 13:15:29.727 [Thread-P1] INFO  com.mp3.desktop.Programme1 - Scan du repertoire : D:\ITU\S6\Mr Naina\Mp4\mp3-desktop\chanson
2026-06-28 13:15:29.737 [Thread-P1] INFO  com.mp3.desktop.Programme1 - Attente de 10000 ms avant le prochain scan...
2026-06-28 13:15:39.742 [Thread-P1] INFO  com.mp3.desktop.Programme1 - Scan du repertoire : D:\ITU\S6\Mr Naina\Mp4\mp3-desktop\chanson
2026-06-28 13:15:39.754 [Thread-P1] INFO  com.mp3.desktop.Programme1 - Attente de 10000 ms avant le prochain scan...
2026-06-28 13:15:49.767 [Thread-P1] INFO  com.mp3.desktop.Programme1 - Scan du repertoire : D:\ITU\S6\Mr Naina\Mp4\mp3-desktop\chanson
2026-06-28 13:15:49.789 [Thread-P1] INFO  com.mp3.desktop.Programme1 - Attente de 10000 ms avant le prochain scan...
2026-06-28 13:15:59.806 [Thread-P1] INFO  com.mp3.desktop.Programme1 - Scan du repertoire : D:\ITU\S6\Mr Naina\Mp4\mp3-desktop\chanson
2026-06-28 13:15:59.811 [Thread-P1] INFO  com.mp3.desktop.Programme1 - Attente de 10000 ms avant le prochain scan...
2026-06-28 13:16:09.825 [Thread-P1] INFO  com.mp3.desktop.Programme1 - Scan du repertoire : D:\ITU\S6\Mr Naina\Mp4\mp3-desktop\chanson
2026-06-28 13:16:09.837 [Thread-P1] INFO  com.mp3.desktop.Programme1 - Attente de 10000 ms avant le prochain scan...
2026-06-28 13:16:19.845 [Thread-P1] INFO  com.mp3.desktop.Programme1 - Scan du repertoire : D:\ITU\S6\Mr Naina\Mp4\mp3-desktop\chanson
2026-06-28 13:16:19.854 [Thread-P1] INFO  com.mp3.desktop.Programme1 - Attente de 10000 ms avant le prochain scan...
2026-06-28 13:16:29.864 [Thread-P1] INFO  com.mp3.desktop.Programme1 - Scan du repertoire : D:\ITU\S6\Mr Naina\Mp4\mp3-desktop\chanson
2026-06-28 13:16:29.881 [Thread-P1] INFO  com.mp3.desktop.Programme1 - Attente de 10000 ms avant le prochain scan...
2026-06-28 13:16:39.884 [Thread-P1] INFO  com.mp3.desktop.Programme1 - Scan du repertoire : D:\ITU\S6\Mr Naina\Mp4\mp3-desktop\chanson
2026-06-28 13:16:39.906 [Thread-P1] INFO  com.mp3.desktop.Programme1 - Attente de 10000 ms avant le prochain scan...
2026-06-28 13:16:49.917 [Thread-P1] INFO  com.mp3.desktop.Programme1 - Scan du repertoire : D:\ITU\S6\Mr Naina\Mp4\mp3-desktop\chanson
2026-06-28 13:16:49.935 [Thread-P1] INFO  com.mp3.desktop.Programme1 - Attente de 10000 ms avant le prochain scan...
2026-06-28 13:16:59.946 [Thread-P1] INFO  com.mp3.desktop.Programme1 - Scan du repertoire : D:\ITU\S6\Mr Naina\Mp4\mp3-desktop\chanson
2026-06-28 13:16:59.954 [Thread-P1] INFO  com.mp3.desktop.Programme1 - Attente de 10000 ms avant le prochain scan...
2026-06-28 13:17:09.961 [Thread-P1] INFO  com.mp3.desktop.Programme1 - Scan du repertoire : D:\ITU\S6\Mr Naina\Mp4\mp3-desktop\chanson
2026-06-28 13:17:09.986 [Thread-P1] INFO  com.mp3.desktop.Programme1 - Attente de 10000 ms avant le prochain scan...
2026-06-28 13:17:20.000 [Thread-P1] INFO  com.mp3.desktop.Programme1 - Scan du repertoire : D:\ITU\S6\Mr Naina\Mp4\mp3-desktop\chanson
2026-06-28 13:17:20.017 [Thread-P1] INFO  com.mp3.desktop.Programme1 - Attente de 10000 ms avant le prochain scan...
2026-06-28 13:17:30.030 [Thread-P1] INFO  com.mp3.desktop.Programme1 - Scan du repertoire : D:\ITU\S6\Mr Naina\Mp4\mp3-desktop\chanson
2026-06-28 13:17:30.040 [Thread-P1] INFO  com.mp3.desktop.Programme1 - Attente de 10000 ms avant le prochain scan...
2026-06-28 13:17:40.050 [Thread-P1] INFO  com.mp3.desktop.Programme1 - Scan du repertoire : D:\ITU\S6\Mr Naina\Mp4\mp3-desktop\chanson
2026-06-28 13:17:40.075 [Thread-P1] INFO  com.mp3.desktop.Programme1 - Attente de 10000 ms avant le prochain scan...
2026-06-28 13:17:50.084 [Thread-P1] INFO  com.mp3.desktop.Programme1 - Scan du repertoire : D:\ITU\S6\Mr Naina\Mp4\mp3-desktop\chanson
2026-06-28 13:17:50.099 [Thread-P1] INFO  com.mp3.desktop.Programme1 - Attente de 10000 ms avant le prochain scan...
2026-06-28 13:18:00.110 [Thread-P1] INFO  com.mp3.desktop.Programme1 - Scan du repertoire : D:\ITU\S6\Mr Naina\Mp4\mp3-desktop\chanson
2026-06-28 13:18:00.116 [Thread-P1] INFO  com.mp3.desktop.Programme1 - Attente de 10000 ms avant le prochain scan...
2026-06-28 13:18:10.125 [Thread-P1] INFO  com.mp3.desktop.Programme1 - Scan du repertoire : D:\ITU\S6\Mr Naina\Mp4\mp3-desktop\chanson
2026-06-28 13:18:10.135 [Thread-P1] INFO  com.mp3.desktop.Programme1 - Attente de 10000 ms avant le prochain scan...
2026-06-28 13:18:20.139 [Thread-P1] INFO  com.mp3.desktop.Programme1 - Scan du repertoire : D:\ITU\S6\Mr Naina\Mp4\mp3-desktop\chanson
2026-06-28 13:18:20.146 [Thread-P1] INFO  com.mp3.desktop.Programme1 - Attente de 10000 ms avant le prochain scan...
2026-06-28 13:18:30.156 [Thread-P1] INFO  com.mp3.desktop.Programme1 - Scan du repertoire : D:\ITU\S6\Mr Naina\Mp4\mp3-desktop\chanson
2026-06-28 13:18:30.164 [Thread-P1] INFO  com.mp3.desktop.Programme1 - Attente de 10000 ms avant le prochain scan...
2026-06-28 13:18:40.168 [Thread-P1] INFO  com.mp3.desktop.Programme1 - Scan du repertoire : D:\ITU\S6\Mr Naina\Mp4\mp3-desktop\chanson
2026-06-28 13:18:40.177 [Thread-P1] INFO  com.mp3.desktop.Programme1 - Attente de 10000 ms avant le prochain scan...
2026-06-28 13:18:50.178 [Thread-P1] INFO  com.mp3.desktop.Programme1 - Scan du repertoire : D:\ITU\S6\Mr Naina\Mp4\mp3-desktop\chanson
2026-06-28 13:18:50.186 [Thread-P1] INFO  com.mp3.desktop.Programme1 - Attente de 10000 ms avant le prochain scan...
2026-06-28 13:19:00.202 [Thread-P1] INFO  com.mp3.desktop.Programme1 - Scan du repertoire : D:\ITU\S6\Mr Naina\Mp4\mp3-desktop\chanson
2026-06-28 13:19:00.209 [Thread-P1] INFO  com.mp3.desktop.Programme1 - Attente de 10000 ms avant le prochain scan...
2026-06-28 13:19:10.214 [Thread-P1] INFO  com.mp3.desktop.Programme1 - Scan du repertoire : D:\ITU\S6\Mr Naina\Mp4\mp3-desktop\chanson
2026-06-28 13:19:10.235 [Thread-P1] INFO  com.mp3.desktop.Programme1 - Attente de 10000 ms avant le prochain scan...
2026-06-28 13:19:20.248 [Thread-P1] INFO  com.mp3.desktop.Programme1 - Scan du repertoire : D:\ITU\S6\Mr Naina\Mp4\mp3-desktop\chanson
2026-06-28 13:19:20.254 [Thread-P1] INFO  com.mp3.desktop.Programme1 - Attente de 10000 ms avant le prochain scan...
2026-06-28 13:19:30.269 [Thread-P1] INFO  com.mp3.desktop.Programme1 - Scan du repertoire : D:\ITU\S6\Mr Naina\Mp4\mp3-desktop\chanson
2026-06-28 13:19:30.280 [Thread-P1] INFO  com.mp3.desktop.Programme1 - Attente de 10000 ms avant le prochain scan...
2026-06-28 13:19:40.293 [Thread-P1] INFO  com.mp3.desktop.Programme1 - Scan du repertoire : D:\ITU\S6\Mr Naina\Mp4\mp3-desktop\chanson
2026-06-28 13:19:40.317 [Thread-P1] INFO  com.mp3.desktop.Programme1 - Attente de 10000 ms avant le prochain scan...
2026-06-28 13:19:50.326 [Thread-P1] INFO  com.mp3.desktop.Programme1 - Scan du repertoire : D:\ITU\S6\Mr Naina\Mp4\mp3-desktop\chanson
2026-06-28 13:19:50.337 [Thread-P1] INFO  com.mp3.desktop.Programme1 - Attente de 10000 ms avant le prochain scan...
2026-06-28 13:20:00.352 [Thread-P1] INFO  com.mp3.desktop.Programme1 - Scan du repertoire : D:\ITU\S6\Mr Naina\Mp4\mp3-desktop\chanson
2026-06-28 13:20:00.361 [Thread-P1] INFO  com.mp3.desktop.Programme1 - Attente de 10000 ms avant le prochain scan...
2026-06-28 13:20:10.365 [Thread-P1] INFO  com.mp3.desktop.Programme1 - Scan du repertoire : D:\ITU\S6\Mr Naina\Mp4\mp3-desktop\chanson
2026-06-28 13:20:10.390 [Thread-P1] INFO  com.mp3.desktop.Programme1 - Attente de 10000 ms avant le prochain scan...
2026-06-28 13:20:20.392 [Thread-P1] INFO  com.mp3.desktop.Programme1 - Scan du repertoire : D:\ITU\S6\Mr Naina\Mp4\mp3-desktop\chanson
2026-06-28 13:20:20.414 [Thread-P1] INFO  com.mp3.desktop.Programme1 - Attente de 10000 ms avant le prochain scan...
2026-06-28 13:20:30.419 [Thread-P1] INFO  com.mp3.desktop.Programme1 - Scan du repertoire : D:\ITU\S6\Mr Naina\Mp4\mp3-desktop\chanson
2026-06-28 13:20:30.442 [Thread-P1] INFO  com.mp3.desktop.Programme1 - Attente de 10000 ms avant le prochain scan...
2026-06-28 13:20:40.448 [Thread-P1] INFO  com.mp3.desktop.Programme1 - Scan du repertoire : D:\ITU\S6\Mr Naina\Mp4\mp3-desktop\chanson
2026-06-28 13:20:40.462 [Thread-P1] INFO  com.mp3.desktop.Programme1 - Attente de 10000 ms avant le prochain scan...
2026-06-28 13:20:50.475 [Thread-P1] INFO  com.mp3.desktop.Programme1 - Scan du repertoire : D:\ITU\S6\Mr Naina\Mp4\mp3-desktop\chanson
2026-06-28 13:20:50.494 [Thread-P1] INFO  com.mp3.desktop.Programme1 - Attente de 10000 ms avant le prochain scan...
2026-06-28 13:21:00.502 [Thread-P1] INFO  com.mp3.desktop.Programme1 - Scan du repertoire : D:\ITU\S6\Mr Naina\Mp4\mp3-desktop\chanson
2026-06-28 13:21:00.504 [Thread-P1] INFO  com.mp3.desktop.Programme1 - Attente de 10000 ms avant le prochain scan...
2026-06-28 13:21:10.514 [Thread-P1] INFO  com.mp3.desktop.Programme1 - Scan du repertoire : D:\ITU\S6\Mr Naina\Mp4\mp3-desktop\chanson
2026-06-28 13:21:10.525 [Thread-P1] INFO  com.mp3.desktop.Programme1 - Attente de 10000 ms avant le prochain scan...
2026-06-28 13:21:20.527 [Thread-P1] INFO  com.mp3.desktop.Programme1 - Scan du repertoire : D:\ITU\S6\Mr Naina\Mp4\mp3-desktop\chanson
2026-06-28 13:21:20.541 [Thread-P1] INFO  com.mp3.desktop.Programme1 - Attente de 10000 ms avant le prochain scan...
2026-06-28 13:21:30.550 [Thread-P1] INFO  com.mp3.desktop.Programme1 - Scan du repertoire : D:\ITU\S6\Mr Naina\Mp4\mp3-desktop\chanson
2026-06-28 13:21:30.561 [Thread-P1] INFO  com.mp3.desktop.Programme1 - Attente de 10000 ms avant le prochain scan...
2026-06-28 13:21:40.564 [Thread-P1] INFO  com.mp3.desktop.Programme1 - Scan du repertoire : D:\ITU\S6\Mr Naina\Mp4\mp3-desktop\chanson
2026-06-28 13:21:40.574 [Thread-P1] INFO  com.mp3.desktop.Programme1 - Attente de 10000 ms avant le prochain scan...
2026-06-28 13:21:50.579 [Thread-P1] INFO  com.mp3.desktop.Programme1 - Scan du repertoire : D:\ITU\S6\Mr Naina\Mp4\mp3-desktop\chanson
2026-06-28 13:21:50.593 [Thread-P1] INFO  com.mp3.desktop.Programme1 - Attente de 10000 ms avant le prochain scan...
2026-06-28 13:22:00.603 [Thread-P1] INFO  com.mp3.desktop.Programme1 - Scan du repertoire : D:\ITU\S6\Mr Naina\Mp4\mp3-desktop\chanson
2026-06-28 13:22:00.618 [Thread-P1] INFO  com.mp3.desktop.Programme1 - Attente de 10000 ms avant le prochain scan...
2026-06-28 13:22:10.630 [Thread-P1] INFO  com.mp3.desktop.Programme1 - Scan du repertoire : D:\ITU\S6\Mr Naina\Mp4\mp3-desktop\chanson
2026-06-28 13:22:10.640 [Thread-P1] INFO  com.mp3.desktop.Programme1 - Attente de 10000 ms avant le prochain scan...
2026-06-28 13:22:20.649 [Thread-P1] INFO  com.mp3.desktop.Programme1 - Scan du repertoire : D:\ITU\S6\Mr Naina\Mp4\mp3-desktop\chanson
2026-06-28 13:22:20.667 [Thread-P1] INFO  com.mp3.desktop.Programme1 - Attente de 10000 ms avant le prochain scan...
2026-06-28 13:22:30.686 [Thread-P1] INFO  com.mp3.desktop.Programme1 - Scan du repertoire : D:\ITU\S6\Mr Naina\Mp4\mp3-desktop\chanson
2026-06-28 13:22:30.718 [Thread-P1] INFO  com.mp3.desktop.Programme1 - -> Message envoye a RabbitMQ [queue_liste_mp3] : D:\ITU\S6\Mr Naina\Mp4\mp3-desktop\chanson\Billie Eilish - Happier Than Ever (Official Music Video)(MP3_160K).mp3
2026-06-28 13:22:30.720 [Thread-P1] INFO  com.mp3.desktop.Programme1 - -> Message envoye a RabbitMQ [queue_liste_mp3] : D:\ITU\S6\Mr Naina\Mp4\mp3-desktop\chanson\HATRAIZA _ AZA AVELA - REKO(MP3_160K).mp3
2026-06-28 13:22:30.722 [Thread-P1] INFO  com.mp3.desktop.Programme1 - -> Message envoye a RabbitMQ [queue_liste_mp3] : D:\ITU\S6\Mr Naina\Mp4\mp3-desktop\chanson\Louane - Maman (2015) Official Music Video(MP3_160K).mp3
2026-06-28 13:22:30.722 [Thread-P1] INFO  com.mp3.desktop.Programme1 - -> Message envoye a RabbitMQ [queue_liste_mp3] : D:\ITU\S6\Mr Naina\Mp4\mp3-desktop\chanson\Matsiro kosa ny nanaovan_i Fy Rasolofoniaina ny hiran_ny tarika _Zay teto.(480P_SD).mp3
2026-06-28 13:22:30.724 [Thread-P1] INFO  com.mp3.desktop.Programme1 - -> Message envoye a RabbitMQ [queue_liste_mp3] : D:\ITU\S6\Mr Naina\Mp4\mp3-desktop\chanson\MISIA - REKO(MP3_160K).mp3
2026-06-28 13:22:30.726 [Thread-P1] INFO  com.mp3.desktop.Programme1 - -> Message envoye a RabbitMQ [queue_liste_mp3] : D:\ITU\S6\Mr Naina\Mp4\mp3-desktop\chanson\MITONIA - REKO (Official lyrics video)(MP3_160K).mp3
2026-06-28 13:22:30.726 [Thread-P1] INFO  com.mp3.desktop.Programme1 - -> Message envoye a RabbitMQ [queue_liste_mp3] : D:\ITU\S6\Mr Naina\Mp4\mp3-desktop\chanson\NY ANARANAO - REKO(MP3_160K).mp3
2026-06-28 13:22:30.726 [Thread-P1] INFO  com.mp3.desktop.Programme1 - -> Message envoye a RabbitMQ [queue_liste_mp3] : D:\ITU\S6\Mr Naina\Mp4\mp3-desktop\chanson\ROTOROTO - REKO(MP3_160K).mp3
2026-06-28 13:22:30.728 [Thread-P1] INFO  com.mp3.desktop.Programme1 - -> Message envoye a RabbitMQ [queue_liste_mp3] : D:\ITU\S6\Mr Naina\Mp4\mp3-desktop\chanson\TONGASOA - REKO(MP3_160K).mp3
2026-06-28 13:22:30.735 [Thread-P1] INFO  com.mp3.desktop.Programme1 - Attente de 10000 ms avant le prochain scan...
2026-06-28 13:22:40.753 [Thread-P1] INFO  com.mp3.desktop.Programme1 - Scan du repertoire : D:\ITU\S6\Mr Naina\Mp4\mp3-desktop\chanson
2026-06-28 13:22:40.761 [Thread-P1] INFO  com.mp3.desktop.Programme1 - Attente de 10000 ms avant le prochain scan...
2026-06-28 13:22:50.774 [Thread-P1] INFO  com.mp3.desktop.Programme1 - Scan du repertoire : D:\ITU\S6\Mr Naina\Mp4\mp3-desktop\chanson
2026-06-28 13:22:50.786 [Thread-P1] INFO  com.mp3.desktop.Programme1 - -> Message envoye a RabbitMQ [queue_liste_mp3] : D:\ITU\S6\Mr Naina\Mp4\mp3-desktop\chanson\Ankino.mp3
2026-06-28 13:22:50.787 [Thread-P1] INFO  com.mp3.desktop.Programme1 - -> Message envoye a RabbitMQ [queue_liste_mp3] : D:\ITU\S6\Mr Naina\Mp4\mp3-desktop\chanson\Antanambao.MP3
2026-06-28 13:22:50.790 [Thread-P1] INFO  com.mp3.desktop.Programme1 - -> Message envoye a RabbitMQ [queue_liste_mp3] : D:\ITU\S6\Mr Naina\Mp4\mp3-desktop\chanson\IAO.MP3
2026-06-28 13:22:50.798 [Thread-P1] INFO  com.mp3.desktop.Programme1 - Attente de 10000 ms avant le prochain scan...
2026-06-28 13:23:00.809 [Thread-P1] INFO  com.mp3.desktop.Programme1 - Scan du repertoire : D:\ITU\S6\Mr Naina\Mp4\mp3-desktop\chanson
2026-06-28 13:23:00.818 [Thread-P1] INFO  com.mp3.desktop.Programme1 - Attente de 10000 ms avant le prochain scan...
2026-06-28 13:23:10.830 [Thread-P1] INFO  com.mp3.desktop.Programme1 - Scan du repertoire : D:\ITU\S6\Mr Naina\Mp4\mp3-desktop\chanson
2026-06-28 13:23:10.839 [Thread-P1] INFO  com.mp3.desktop.Programme1 - Attente de 10000 ms avant le prochain scan...
2026-06-28 13:23:20.844 [Thread-P1] INFO  com.mp3.desktop.Programme1 - Scan du repertoire : D:\ITU\S6\Mr Naina\Mp4\mp3-desktop\chanson
2026-06-28 13:23:20.855 [Thread-P1] INFO  com.mp3.desktop.Programme1 - Attente de 10000 ms avant le prochain scan...
2026-06-28 13:23:30.859 [Thread-P1] INFO  com.mp3.desktop.Programme1 - Scan du repertoire : D:\ITU\S6\Mr Naina\Mp4\mp3-desktop\chanson
2026-06-28 13:23:30.868 [Thread-P1] INFO  com.mp3.desktop.Programme1 - Attente de 10000 ms avant le prochain scan...
2026-06-28 13:23:40.878 [Thread-P1] INFO  com.mp3.desktop.Programme1 - Scan du repertoire : D:\ITU\S6\Mr Naina\Mp4\mp3-desktop\chanson
2026-06-28 13:23:40.890 [Thread-P1] INFO  com.mp3.desktop.Programme1 - Attente de 10000 ms avant le prochain scan...
2026-06-28 13:23:50.891 [Thread-P1] INFO  com.mp3.desktop.Programme1 - Scan du repertoire : D:\ITU\S6\Mr Naina\Mp4\mp3-desktop\chanson
2026-06-28 13:23:50.915 [Thread-P1] INFO  com.mp3.desktop.Programme1 - Attente de 10000 ms avant le prochain scan...
2026-06-28 13:24:00.919 [Thread-P1] INFO  com.mp3.desktop.Programme1 - Scan du repertoire : D:\ITU\S6\Mr Naina\Mp4\mp3-desktop\chanson
2026-06-28 13:24:00.925 [Thread-P1] INFO  com.mp3.desktop.Programme1 - Attente de 10000 ms avant le prochain scan...
2026-06-28 13:24:10.945 [Thread-P1] INFO  com.mp3.desktop.Programme1 - Scan du repertoire : D:\ITU\S6\Mr Naina\Mp4\mp3-desktop\chanson
2026-06-28 13:24:10.954 [Thread-P1] INFO  com.mp3.desktop.Programme1 - Attente de 10000 ms avant le prochain scan...
2026-06-28 13:24:20.970 [Thread-P1] INFO  com.mp3.desktop.Programme1 - Scan du repertoire : D:\ITU\S6\Mr Naina\Mp4\mp3-desktop\chanson
2026-06-28 13:24:20.996 [Thread-P1] INFO  com.mp3.desktop.Programme1 - Attente de 10000 ms avant le prochain scan...
2026-06-28 13:24:31.002 [Thread-P1] INFO  com.mp3.desktop.Programme1 - Scan du repertoire : D:\ITU\S6\Mr Naina\Mp4\mp3-desktop\chanson
2026-06-28 13:24:31.015 [Thread-P1] INFO  com.mp3.desktop.Programme1 - Attente de 10000 ms avant le prochain scan...
2026-06-28 13:24:41.024 [Thread-P1] INFO  com.mp3.desktop.Programme1 - Scan du repertoire : D:\ITU\S6\Mr Naina\Mp4\mp3-desktop\chanson
2026-06-28 13:24:41.046 [Thread-P1] INFO  com.mp3.desktop.Programme1 - Attente de 10000 ms avant le prochain scan...
2026-06-28 13:24:51.050 [Thread-P1] INFO  com.mp3.desktop.Programme1 - Scan du repertoire : D:\ITU\S6\Mr Naina\Mp4\mp3-desktop\chanson
2026-06-28 13:24:51.055 [Thread-P1] INFO  com.mp3.desktop.Programme1 - Attente de 10000 ms avant le prochain scan...
2026-06-28 13:25:01.067 [Thread-P1] INFO  com.mp3.desktop.Programme1 - Scan du repertoire : D:\ITU\S6\Mr Naina\Mp4\mp3-desktop\chanson
2026-06-28 13:25:01.086 [Thread-P1] INFO  com.mp3.desktop.Programme1 - Attente de 10000 ms avant le prochain scan...
2026-06-28 13:25:11.095 [Thread-P1] INFO  com.mp3.desktop.Programme1 - Scan du repertoire : D:\ITU\S6\Mr Naina\Mp4\mp3-desktop\chanson
2026-06-28 13:25:11.113 [Thread-P1] INFO  com.mp3.desktop.Programme1 - Attente de 10000 ms avant le prochain scan...
2026-06-28 13:25:21.122 [Thread-P1] INFO  com.mp3.desktop.Programme1 - Scan du repertoire : D:\ITU\S6\Mr Naina\Mp4\mp3-desktop\chanson
2026-06-28 13:25:21.131 [Thread-P1] INFO  com.mp3.desktop.Programme1 - Attente de 10000 ms avant le prochain scan...
2026-06-28 13:25:31.137 [Thread-P1] INFO  com.mp3.desktop.Programme1 - Scan du repertoire : D:\ITU\S6\Mr Naina\Mp4\mp3-desktop\chanson
2026-06-28 13:25:31.146 [Thread-P1] INFO  com.mp3.desktop.Programme1 - Attente de 10000 ms avant le prochain scan...
2026-06-28 13:25:41.148 [Thread-P1] INFO  com.mp3.desktop.Programme1 - Scan du repertoire : D:\ITU\S6\Mr Naina\Mp4\mp3-desktop\chanson
2026-06-28 13:25:41.169 [Thread-P1] INFO  com.mp3.desktop.Programme1 - Attente de 10000 ms avant le prochain scan...
2026-06-28 13:25:51.173 [Thread-P1] INFO  com.mp3.desktop.Programme1 - Scan du repertoire : D:\ITU\S6\Mr Naina\Mp4\mp3-desktop\chanson
2026-06-28 13:25:51.192 [Thread-P1] INFO  com.mp3.desktop.Programme1 - Attente de 10000 ms avant le prochain scan...
2026-06-28 13:26:01.199 [Thread-P1] INFO  com.mp3.desktop.Programme1 - Scan du repertoire : D:\ITU\S6\Mr Naina\Mp4\mp3-desktop\chanson
2026-06-28 13:26:01.210 [Thread-P1] INFO  com.mp3.desktop.Programme1 - Attente de 10000 ms avant le prochain scan...
2026-06-28 13:26:11.212 [Thread-P1] INFO  com.mp3.desktop.Programme1 - Scan du repertoire : D:\ITU\S6\Mr Naina\Mp4\mp3-desktop\chanson
2026-06-28 13:26:11.225 [Thread-P1] INFO  com.mp3.desktop.Programme1 - Attente de 10000 ms avant le prochain scan...
2026-06-28 13:26:21.237 [Thread-P1] INFO  com.mp3.desktop.Programme1 - Scan du repertoire : D:\ITU\S6\Mr Naina\Mp4\mp3-desktop\chanson
2026-06-28 13:26:21.253 [Thread-P1] INFO  com.mp3.desktop.Programme1 - Attente de 10000 ms avant le prochain scan...
2026-06-28 13:26:31.266 [Thread-P1] INFO  com.mp3.desktop.Programme1 - Scan du repertoire : D:\ITU\S6\Mr Naina\Mp4\mp3-desktop\chanson
2026-06-28 13:26:31.275 [Thread-P1] INFO  com.mp3.desktop.Programme1 - Attente de 10000 ms avant le prochain scan...
2026-06-28 13:26:41.277 [Thread-P1] INFO  com.mp3.desktop.Programme1 - Scan du repertoire : D:\ITU\S6\Mr Naina\Mp4\mp3-desktop\chanson
2026-06-28 13:26:41.298 [Thread-P1] INFO  com.mp3.desktop.Programme1 - Attente de 10000 ms avant le prochain scan...
2026-06-28 13:26:51.302 [Thread-P1] INFO  com.mp3.desktop.Programme1 - Scan du repertoire : D:\ITU\S6\Mr Naina\Mp4\mp3-desktop\chanson
2026-06-28 13:26:51.324 [Thread-P1] INFO  com.mp3.desktop.Programme1 - Attente de 10000 ms avant le prochain scan...
2026-06-28 13:27:01.329 [Thread-P1] INFO  com.mp3.desktop.Programme1 - Scan du repertoire : D:\ITU\S6\Mr Naina\Mp4\mp3-desktop\chanson
2026-06-28 13:27:01.346 [Thread-P1] INFO  com.mp3.desktop.Programme1 - Attente de 10000 ms avant le prochain scan...
2026-06-28 13:27:11.357 [Thread-P1] INFO  com.mp3.desktop.Programme1 - Scan du repertoire : D:\ITU\S6\Mr Naina\Mp4\mp3-desktop\chanson
2026-06-28 13:27:11.381 [Thread-P1] INFO  com.mp3.desktop.Programme1 - Attente de 10000 ms avant le prochain scan...
2026-06-28 13:27:21.382 [Thread-P1] INFO  com.mp3.desktop.Programme1 - Scan du repertoire : D:\ITU\S6\Mr Naina\Mp4\mp3-desktop\chanson
2026-06-28 13:27:21.398 [Thread-P1] INFO  com.mp3.desktop.Programme1 - Attente de 10000 ms avant le prochain scan...
2026-06-28 13:27:31.411 [Thread-P1] INFO  com.mp3.desktop.Programme1 - Scan du repertoire : D:\ITU\S6\Mr Naina\Mp4\mp3-desktop\chanson
2026-06-28 13:27:31.422 [Thread-P1] INFO  com.mp3.desktop.Programme1 - Attente de 10000 ms avant le prochain scan...
2026-06-28 13:27:41.433 [Thread-P1] INFO  com.mp3.desktop.Programme1 - Scan du repertoire : D:\ITU\S6\Mr Naina\Mp4\mp3-desktop\chanson
2026-06-28 13:27:41.440 [Thread-P1] INFO  com.mp3.desktop.Programme1 - Attente de 10000 ms avant le prochain scan...
2026-06-28 13:27:51.459 [Thread-P1] INFO  com.mp3.desktop.Programme1 - Scan du repertoire : D:\ITU\S6\Mr Naina\Mp4\mp3-desktop\chanson
2026-06-28 13:27:51.461 [Thread-P1] INFO  com.mp3.desktop.Programme1 - Attente de 10000 ms avant le prochain scan...
2026-06-28 13:28:01.469 [Thread-P1] INFO  com.mp3.desktop.Programme1 - Scan du repertoire : D:\ITU\S6\Mr Naina\Mp4\mp3-desktop\chanson
2026-06-28 13:28:01.488 [Thread-P1] INFO  com.mp3.desktop.Programme1 - Attente de 10000 ms avant le prochain scan...
2026-06-28 13:28:11.493 [Thread-P1] INFO  com.mp3.desktop.Programme1 - Scan du repertoire : D:\ITU\S6\Mr Naina\Mp4\mp3-desktop\chanson
2026-06-28 13:28:11.508 [Thread-P1] INFO  com.mp3.desktop.Programme1 - Attente de 10000 ms avant le prochain scan...
2026-06-28 13:28:21.510 [Thread-P1] INFO  com.mp3.desktop.Programme1 - Scan du repertoire : D:\ITU\S6\Mr Naina\Mp4\mp3-desktop\chanson
2026-06-28 13:28:21.521 [Thread-P1] INFO  com.mp3.desktop.Programme1 - Attente de 10000 ms avant le prochain scan...
2026-06-28 13:28:31.530 [Thread-P1] INFO  com.mp3.desktop.Programme1 - Scan du repertoire : D:\ITU\S6\Mr Naina\Mp4\mp3-desktop\chanson
2026-06-28 13:28:31.549 [Thread-P1] INFO  com.mp3.desktop.Programme1 - Attente de 10000 ms avant le prochain scan...
2026-06-28 13:28:41.553 [Thread-P1] INFO  com.mp3.desktop.Programme1 - Scan du repertoire : D:\ITU\S6\Mr Naina\Mp4\mp3-desktop\chanson
2026-06-28 13:28:41.633 [Thread-P1] INFO  com.mp3.desktop.Programme1 - Attente de 10000 ms avant le prochain scan...
2026-06-28 13:28:51.638 [Thread-P1] INFO  com.mp3.desktop.Programme1 - Scan du repertoire : D:\ITU\S6\Mr Naina\Mp4\mp3-desktop\chanson
2026-06-28 13:28:51.658 [Thread-P1] INFO  com.mp3.desktop.Programme1 - Attente de 10000 ms avant le prochain scan...
2026-06-28 13:29:01.663 [Thread-P1] INFO  com.mp3.desktop.Programme1 - Scan du repertoire : D:\ITU\S6\Mr Naina\Mp4\mp3-desktop\chanson
2026-06-28 13:29:01.676 [Thread-P1] INFO  com.mp3.desktop.Programme1 - Attente de 10000 ms avant le prochain scan...
2026-06-28 13:29:11.688 [Thread-P1] INFO  com.mp3.desktop.Programme1 - Scan du repertoire : D:\ITU\S6\Mr Naina\Mp4\mp3-desktop\chanson
2026-06-28 13:29:11.705 [Thread-P1] INFO  com.mp3.desktop.Programme1 - Attente de 10000 ms avant le prochain scan...
2026-06-28 13:29:21.716 [Thread-P1] INFO  com.mp3.desktop.Programme1 - Scan du repertoire : D:\ITU\S6\Mr Naina\Mp4\mp3-desktop\chanson
2026-06-28 13:29:21.732 [Thread-P1] INFO  com.mp3.desktop.Programme1 - Attente de 10000 ms avant le prochain scan...
2026-06-28 13:29:31.745 [Thread-P1] INFO  com.mp3.desktop.Programme1 - Scan du repertoire : D:\ITU\S6\Mr Naina\Mp4\mp3-desktop\chanson
2026-06-28 13:29:31.761 [Thread-P1] INFO  com.mp3.desktop.Programme1 - Attente de 10000 ms avant le prochain scan...
2026-06-28 13:29:41.767 [Thread-P1] INFO  com.mp3.desktop.Programme1 - Scan du repertoire : D:\ITU\S6\Mr Naina\Mp4\mp3-desktop\chanson
2026-06-28 13:29:41.785 [Thread-P1] INFO  com.mp3.desktop.Programme1 - Attente de 10000 ms avant le prochain scan...
2026-06-28 13:29:51.790 [Thread-P1] INFO  com.mp3.desktop.Programme1 - Scan du repertoire : D:\ITU\S6\Mr Naina\Mp4\mp3-desktop\chanson
2026-06-28 13:29:51.806 [Thread-P1] INFO  com.mp3.desktop.Programme1 - Attente de 10000 ms avant le prochain scan...
2026-06-28 13:30:01.819 [Thread-P1] INFO  com.mp3.desktop.Programme1 - Scan du repertoire : D:\ITU\S6\Mr Naina\Mp4\mp3-desktop\chanson
2026-06-28 13:30:01.836 [Thread-P1] INFO  com.mp3.desktop.Programme1 - Attente de 10000 ms avant le prochain scan...
2026-06-28 13:30:11.843 [Thread-P1] INFO  com.mp3.desktop.Programme1 - Scan du repertoire : D:\ITU\S6\Mr Naina\Mp4\mp3-desktop\chanson
2026-06-28 13:30:11.846 [Thread-P1] INFO  com.mp3.desktop.Programme1 - Attente de 10000 ms avant le prochain scan...
2026-06-28 13:30:21.857 [Thread-P1] INFO  com.mp3.desktop.Programme1 - Scan du repertoire : D:\ITU\S6\Mr Naina\Mp4\mp3-desktop\chanson
2026-06-28 13:30:21.875 [Thread-P1] INFO  com.mp3.desktop.Programme1 - Attente de 10000 ms avant le prochain scan...
2026-06-28 13:30:31.881 [Thread-P1] INFO  com.mp3.desktop.Programme1 - Scan du repertoire : D:\ITU\S6\Mr Naina\Mp4\mp3-desktop\chanson
2026-06-28 13:30:31.886 [Thread-P1] INFO  com.mp3.desktop.Programme1 - Attente de 10000 ms avant le prochain scan...
2026-06-28 13:30:41.899 [Thread-P1] INFO  com.mp3.desktop.Programme1 - Scan du repertoire : D:\ITU\S6\Mr Naina\Mp4\mp3-desktop\chanson
2026-06-28 13:30:41.917 [Thread-P1] INFO  com.mp3.desktop.Programme1 - Attente de 10000 ms avant le prochain scan...
2026-06-28 13:30:51.934 [Thread-P1] INFO  com.mp3.desktop.Programme1 - Scan du repertoire : D:\ITU\S6\Mr Naina\Mp4\mp3-desktop\chanson
2026-06-28 13:30:51.954 [Thread-P1] INFO  com.mp3.desktop.Programme1 - Attente de 10000 ms avant le prochain scan...
2026-06-28 13:31:01.961 [Thread-P1] INFO  com.mp3.desktop.Programme1 - Scan du repertoire : D:\ITU\S6\Mr Naina\Mp4\mp3-desktop\chanson
2026-06-28 13:31:01.980 [Thread-P1] INFO  com.mp3.desktop.Programme1 - Attente de 10000 ms avant le prochain scan...
2026-06-28 13:31:11.986 [Thread-P1] INFO  com.mp3.desktop.Programme1 - Scan du repertoire : D:\ITU\S6\Mr Naina\Mp4\mp3-desktop\chanson
2026-06-28 13:31:12.004 [Thread-P1] INFO  com.mp3.desktop.Programme1 - Attente de 10000 ms avant le prochain scan...
2026-06-28 13:31:22.017 [Thread-P1] INFO  com.mp3.desktop.Programme1 - Scan du repertoire : D:\ITU\S6\Mr Naina\Mp4\mp3-desktop\chanson
2026-06-28 13:31:22.036 [Thread-P1] INFO  com.mp3.desktop.Programme1 - Attente de 10000 ms avant le prochain scan...
2026-06-28 13:31:32.038 [Thread-P1] INFO  com.mp3.desktop.Programme1 - Scan du repertoire : D:\ITU\S6\Mr Naina\Mp4\mp3-desktop\chanson
2026-06-28 13:31:32.054 [Thread-P1] INFO  com.mp3.desktop.Programme1 - Attente de 10000 ms avant le prochain scan...
2026-06-28 13:31:42.067 [Thread-P1] INFO  com.mp3.desktop.Programme1 - Scan du repertoire : D:\ITU\S6\Mr Naina\Mp4\mp3-desktop\chanson
2026-06-28 13:31:42.092 [Thread-P1] INFO  com.mp3.desktop.Programme1 - Attente de 10000 ms avant le prochain scan...
2026-06-28 13:31:52.095 [Thread-P1] INFO  com.mp3.desktop.Programme1 - Scan du repertoire : D:\ITU\S6\Mr Naina\Mp4\mp3-desktop\chanson
2026-06-28 13:31:52.117 [Thread-P1] INFO  com.mp3.desktop.Programme1 - Attente de 10000 ms avant le prochain scan...
2026-06-28 13:32:02.122 [Thread-P1] INFO  com.mp3.desktop.Programme1 - Scan du repertoire : D:\ITU\S6\Mr Naina\Mp4\mp3-desktop\chanson
2026-06-28 13:32:02.140 [Thread-P1] INFO  com.mp3.desktop.Programme1 - Attente de 10000 ms avant le prochain scan...
2026-06-28 13:32:12.150 [Thread-P1] INFO  com.mp3.desktop.Programme1 - Scan du repertoire : D:\ITU\S6\Mr Naina\Mp4\mp3-desktop\chanson
2026-06-28 13:32:12.172 [Thread-P1] INFO  com.mp3.desktop.Programme1 - Attente de 10000 ms avant le prochain scan...
2026-06-28 13:32:22.175 [Thread-P1] INFO  com.mp3.desktop.Programme1 - Scan du repertoire : D:\ITU\S6\Mr Naina\Mp4\mp3-desktop\chanson
2026-06-28 13:32:22.196 [Thread-P1] INFO  com.mp3.desktop.Programme1 - Attente de 10000 ms avant le prochain scan...
2026-06-28 13:32:32.212 [Thread-P1] INFO  com.mp3.desktop.Programme1 - Scan du repertoire : D:\ITU\S6\Mr Naina\Mp4\mp3-desktop\chanson
2026-06-28 13:32:32.232 [Thread-P1] INFO  com.mp3.desktop.Programme1 - Attente de 10000 ms avant le prochain scan...
2026-06-28 13:32:42.238 [Thread-P1] INFO  com.mp3.desktop.Programme1 - Scan du repertoire : D:\ITU\S6\Mr Naina\Mp4\mp3-desktop\chanson
2026-06-28 13:32:42.246 [Thread-P1] INFO  com.mp3.desktop.Programme1 - Attente de 10000 ms avant le prochain scan...
2026-06-28 13:32:52.249 [Thread-P1] INFO  com.mp3.desktop.Programme1 - Scan du repertoire : D:\ITU\S6\Mr Naina\Mp4\mp3-desktop\chanson
2026-06-28 13:32:52.272 [Thread-P1] INFO  com.mp3.desktop.Programme1 - Attente de 10000 ms avant le prochain scan...
2026-06-28 13:33:02.277 [Thread-P1] INFO  com.mp3.desktop.Programme1 - Scan du repertoire : D:\ITU\S6\Mr Naina\Mp4\mp3-desktop\chanson
2026-06-28 13:33:02.293 [Thread-P1] INFO  com.mp3.desktop.Programme1 - Attente de 10000 ms avant le prochain scan...
2026-06-28 13:33:12.295 [Thread-P1] INFO  com.mp3.desktop.Programme1 - Scan du repertoire : D:\ITU\S6\Mr Naina\Mp4\mp3-desktop\chanson
2026-06-28 13:33:12.306 [Thread-P1] INFO  com.mp3.desktop.Programme1 - Attente de 10000 ms avant le prochain scan...
2026-06-28 13:33:22.311 [Thread-P1] INFO  com.mp3.desktop.Programme1 - Scan du repertoire : D:\ITU\S6\Mr Naina\Mp4\mp3-desktop\chanson
2026-06-28 13:33:22.317 [Thread-P1] INFO  com.mp3.desktop.Programme1 - Attente de 10000 ms avant le prochain scan...
2026-06-28 13:33:32.327 [Thread-P1] INFO  com.mp3.desktop.Programme1 - Scan du repertoire : D:\ITU\S6\Mr Naina\Mp4\mp3-desktop\chanson
2026-06-28 13:33:32.336 [Thread-P1] INFO  com.mp3.desktop.Programme1 - Attente de 10000 ms avant le prochain scan...
2026-06-28 13:33:42.340 [Thread-P1] INFO  com.mp3.desktop.Programme1 - Scan du repertoire : D:\ITU\S6\Mr Naina\Mp4\mp3-desktop\chanson
2026-06-28 13:33:42.350 [Thread-P1] INFO  com.mp3.desktop.Programme1 - Attente de 10000 ms avant le prochain scan...
2026-06-28 13:33:52.366 [Thread-P1] INFO  com.mp3.desktop.Programme1 - Scan du repertoire : D:\ITU\S6\Mr Naina\Mp4\mp3-desktop\chanson
2026-06-28 13:33:52.375 [Thread-P1] INFO  com.mp3.desktop.Programme1 - Attente de 10000 ms avant le prochain scan...
2026-06-28 13:34:02.379 [Thread-P1] INFO  com.mp3.desktop.Programme1 - Scan du repertoire : D:\ITU\S6\Mr Naina\Mp4\mp3-desktop\chanson
2026-06-28 13:34:02.386 [Thread-P1] INFO  com.mp3.desktop.Programme1 - Attente de 10000 ms avant le prochain scan...
2026-06-28 13:34:12.396 [Thread-P1] INFO  com.mp3.desktop.Programme1 - Scan du repertoire : D:\ITU\S6\Mr Naina\Mp4\mp3-desktop\chanson
2026-06-28 13:34:12.404 [Thread-P1] INFO  com.mp3.desktop.Programme1 - Attente de 10000 ms avant le prochain scan...
2026-06-28 13:34:22.414 [Thread-P1] INFO  com.mp3.desktop.Programme1 - Scan du repertoire : D:\ITU\S6\Mr Naina\Mp4\mp3-desktop\chanson
2026-06-28 13:34:22.425 [Thread-P1] INFO  com.mp3.desktop.Programme1 - Attente de 10000 ms avant le prochain scan...
2026-06-28 13:34:32.442 [Thread-P1] INFO  com.mp3.desktop.Programme1 - Scan du repertoire : D:\ITU\S6\Mr Naina\Mp4\mp3-desktop\chanson
2026-06-28 13:34:32.458 [Thread-P1] INFO  com.mp3.desktop.Programme1 - Attente de 10000 ms avant le prochain scan...
2026-06-28 13:34:42.462 [Thread-P1] INFO  com.mp3.desktop.Programme1 - Scan du repertoire : D:\ITU\S6\Mr Naina\Mp4\mp3-desktop\chanson
2026-06-28 13:34:42.469 [Thread-P1] INFO  com.mp3.desktop.Programme1 - Attente de 10000 ms avant le prochain scan...
2026-06-28 13:34:52.488 [Thread-P1] INFO  com.mp3.desktop.Programme1 - Scan du repertoire : D:\ITU\S6\Mr Naina\Mp4\mp3-desktop\chanson
2026-06-28 13:34:52.499 [Thread-P1] INFO  com.mp3.desktop.Programme1 - Attente de 10000 ms avant le prochain scan...
2026-06-28 13:35:02.514 [Thread-P1] INFO  com.mp3.desktop.Programme1 - Scan du repertoire : D:\ITU\S6\Mr Naina\Mp4\mp3-desktop\chanson
2026-06-28 13:35:02.522 [Thread-P1] INFO  com.mp3.desktop.Programme1 - Attente de 10000 ms avant le prochain scan...
2026-06-28 13:35:12.534 [Thread-P1] INFO  com.mp3.desktop.Programme1 - Scan du repertoire : D:\ITU\S6\Mr Naina\Mp4\mp3-desktop\chanson
2026-06-28 13:35:12.546 [Thread-P1] INFO  com.mp3.desktop.Programme1 - Attente de 10000 ms avant le prochain scan...
2026-06-28 13:35:22.559 [Thread-P1] INFO  com.mp3.desktop.Programme1 - Scan du repertoire : D:\ITU\S6\Mr Naina\Mp4\mp3-desktop\chanson
2026-06-28 13:35:22.567 [Thread-P1] INFO  com.mp3.desktop.Programme1 - Attente de 10000 ms avant le prochain scan...
2026-06-28 13:35:32.586 [Thread-P1] INFO  com.mp3.desktop.Programme1 - Scan du repertoire : D:\ITU\S6\Mr Naina\Mp4\mp3-desktop\chanson
2026-06-28 13:35:32.687 [Thread-P1] INFO  com.mp3.desktop.Programme1 - Attente de 10000 ms avant le prochain scan...
2026-06-28 13:35:42.694 [Thread-P1] INFO  com.mp3.desktop.Programme1 - Scan du repertoire : D:\ITU\S6\Mr Naina\Mp4\mp3-desktop\chanson
2026-06-28 13:35:42.703 [Thread-P1] INFO  com.mp3.desktop.Programme1 - Attente de 10000 ms avant le prochain scan...
2026-06-28 13:35:52.717 [Thread-P1] INFO  com.mp3.desktop.Programme1 - Scan du repertoire : D:\ITU\S6\Mr Naina\Mp4\mp3-desktop\chanson
2026-06-28 13:35:52.746 [Thread-P1] INFO  com.mp3.desktop.Programme1 - Attente de 10000 ms avant le prochain scan...
2026-06-28 13:36:02.761 [Thread-P1] INFO  com.mp3.desktop.Programme1 - Scan du repertoire : D:\ITU\S6\Mr Naina\Mp4\mp3-desktop\chanson
2026-06-28 13:36:02.766 [Thread-P1] INFO  com.mp3.desktop.Programme1 - Attente de 10000 ms avant le prochain scan...
2026-06-28 13:36:12.771 [Thread-P1] INFO  com.mp3.desktop.Programme1 - Scan du repertoire : D:\ITU\S6\Mr Naina\Mp4\mp3-desktop\chanson
2026-06-28 13:36:12.791 [Thread-P1] INFO  com.mp3.desktop.Programme1 - Attente de 10000 ms avant le prochain scan...
2026-06-28 13:36:22.800 [Thread-P1] INFO  com.mp3.desktop.Programme1 - Scan du repertoire : D:\ITU\S6\Mr Naina\Mp4\mp3-desktop\chanson
2026-06-28 13:36:22.811 [Thread-P1] INFO  com.mp3.desktop.Programme1 - Attente de 10000 ms avant le prochain scan...
2026-06-28 13:36:32.823 [Thread-P1] INFO  com.mp3.desktop.Programme1 - Scan du repertoire : D:\ITU\S6\Mr Naina\Mp4\mp3-desktop\chanson
2026-06-28 13:36:32.835 [Thread-P1] INFO  com.mp3.desktop.Programme1 - Attente de 10000 ms avant le prochain scan...
2026-06-28 13:36:42.839 [Thread-P1] INFO  com.mp3.desktop.Programme1 - Scan du repertoire : D:\ITU\S6\Mr Naina\Mp4\mp3-desktop\chanson
2026-06-28 13:36:42.854 [Thread-P1] INFO  com.mp3.desktop.Programme1 - Attente de 10000 ms avant le prochain scan...
2026-06-28 13:36:52.858 [Thread-P1] INFO  com.mp3.desktop.Programme1 - Scan du repertoire : D:\ITU\S6\Mr Naina\Mp4\mp3-desktop\chanson
2026-06-28 13:36:52.866 [Thread-P1] INFO  com.mp3.desktop.Programme1 - Attente de 10000 ms avant le prochain scan...
2026-06-28 13:37:02.869 [Thread-P1] INFO  com.mp3.desktop.Programme1 - Scan du repertoire : D:\ITU\S6\Mr Naina\Mp4\mp3-desktop\chanson
2026-06-28 13:37:02.877 [Thread-P1] INFO  com.mp3.desktop.Programme1 - Attente de 10000 ms avant le prochain scan...
2026-06-28 13:37:12.880 [Thread-P1] INFO  com.mp3.desktop.Programme1 - Scan du repertoire : D:\ITU\S6\Mr Naina\Mp4\mp3-desktop\chanson
2026-06-28 13:37:12.888 [Thread-P1] INFO  com.mp3.desktop.Programme1 - Attente de 10000 ms avant le prochain scan...
2026-06-28 13:37:22.899 [Thread-P1] INFO  com.mp3.desktop.Programme1 - Scan du repertoire : D:\ITU\S6\Mr Naina\Mp4\mp3-desktop\chanson
2026-06-28 13:37:22.906 [Thread-P1] INFO  com.mp3.desktop.Programme1 - Attente de 10000 ms avant le prochain scan...
2026-06-28 13:37:32.908 [Thread-P1] INFO  com.mp3.desktop.Programme1 - Scan du repertoire : D:\ITU\S6\Mr Naina\Mp4\mp3-desktop\chanson
2026-06-28 13:37:32.917 [Thread-P1] INFO  com.mp3.desktop.Programme1 - Attente de 10000 ms avant le prochain scan...
2026-06-28 13:37:42.921 [Thread-P1] INFO  com.mp3.desktop.Programme1 - Scan du repertoire : D:\ITU\S6\Mr Naina\Mp4\mp3-desktop\chanson
2026-06-28 13:37:42.925 [Thread-P1] INFO  com.mp3.desktop.Programme1 - Attente de 10000 ms avant le prochain scan...
2026-06-28 13:37:52.932 [Thread-P1] INFO  com.mp3.desktop.Programme1 - Scan du repertoire : D:\ITU\S6\Mr Naina\Mp4\mp3-desktop\chanson
2026-06-28 13:37:52.942 [Thread-P1] INFO  com.mp3.desktop.Programme1 - Attente de 10000 ms avant le prochain scan...
2026-06-28 13:38:02.958 [Thread-P1] INFO  com.mp3.desktop.Programme1 - Scan du repertoire : D:\ITU\S6\Mr Naina\Mp4\mp3-desktop\chanson
2026-06-28 13:38:02.966 [Thread-P1] INFO  com.mp3.desktop.Programme1 - Attente de 10000 ms avant le prochain scan...
2026-06-28 13:38:12.980 [Thread-P1] INFO  com.mp3.desktop.Programme1 - Scan du repertoire : D:\ITU\S6\Mr Naina\Mp4\mp3-desktop\chanson
2026-06-28 13:38:12.986 [Thread-P1] INFO  com.mp3.desktop.Programme1 - Attente de 10000 ms avant le prochain scan...
2026-06-28 13:38:22.989 [Thread-P1] INFO  com.mp3.desktop.Programme1 - Scan du repertoire : D:\ITU\S6\Mr Naina\Mp4\mp3-desktop\chanson
2026-06-28 13:38:22.989 [Thread-P1] INFO  com.mp3.desktop.Programme1 - Attente de 10000 ms avant le prochain scan...
2026-06-28 13:38:32.998 [Thread-P1] INFO  com.mp3.desktop.Programme1 - Scan du repertoire : D:\ITU\S6\Mr Naina\Mp4\mp3-desktop\chanson
2026-06-28 13:38:33.004 [Thread-P1] INFO  com.mp3.desktop.Programme1 - Attente de 10000 ms avant le prochain scan...
2026-06-28 13:38:43.011 [Thread-P1] INFO  com.mp3.desktop.Programme1 - Scan du repertoire : D:\ITU\S6\Mr Naina\Mp4\mp3-desktop\chanson
2026-06-28 13:38:43.016 [Thread-P1] INFO  com.mp3.desktop.Programme1 - Attente de 10000 ms avant le prochain scan...
2026-06-28 13:38:53.024 [Thread-P1] INFO  com.mp3.desktop.Programme1 - Scan du repertoire : D:\ITU\S6\Mr Naina\Mp4\mp3-desktop\chanson
2026-06-28 13:38:53.031 [Thread-P1] INFO  com.mp3.desktop.Programme1 - Attente de 10000 ms avant le prochain scan...
2026-06-28 13:39:03.038 [Thread-P1] INFO  com.mp3.desktop.Programme1 - Scan du repertoire : D:\ITU\S6\Mr Naina\Mp4\mp3-desktop\chanson
2026-06-28 13:39:03.061 [Thread-P1] INFO  com.mp3.desktop.Programme1 - Attente de 10000 ms avant le prochain scan...
2026-06-28 13:39:13.062 [Thread-P1] INFO  com.mp3.desktop.Programme1 - Scan du repertoire : D:\ITU\S6\Mr Naina\Mp4\mp3-desktop\chanson
2026-06-28 13:39:13.073 [Thread-P1] INFO  com.mp3.desktop.Programme1 - Attente de 10000 ms avant le prochain scan...
2026-06-28 13:39:23.083 [Thread-P1] INFO  com.mp3.desktop.Programme1 - Scan du repertoire : D:\ITU\S6\Mr Naina\Mp4\mp3-desktop\chanson
2026-06-28 13:39:23.102 [Thread-P1] INFO  com.mp3.desktop.Programme1 - Attente de 10000 ms avant le prochain scan...
2026-06-28 13:39:33.112 [Thread-P1] INFO  com.mp3.desktop.Programme1 - Scan du repertoire : D:\ITU\S6\Mr Naina\Mp4\mp3-desktop\chanson
2026-06-28 13:39:33.132 [Thread-P1] INFO  com.mp3.desktop.Programme1 - Attente de 10000 ms avant le prochain scan...
2026-06-28 13:39:43.136 [Thread-P1] INFO  com.mp3.desktop.Programme1 - Scan du repertoire : D:\ITU\S6\Mr Naina\Mp4\mp3-desktop\chanson
2026-06-28 13:39:43.155 [Thread-P1] INFO  com.mp3.desktop.Programme1 - Attente de 10000 ms avant le prochain scan...
2026-06-28 13:39:53.173 [Thread-P1] INFO  com.mp3.desktop.Programme1 - Scan du repertoire : D:\ITU\S6\Mr Naina\Mp4\mp3-desktop\chanson
2026-06-28 13:39:53.188 [Thread-P1] INFO  com.mp3.desktop.Programme1 - Attente de 10000 ms avant le prochain scan...
2026-06-28 13:40:03.204 [Thread-P1] INFO  com.mp3.desktop.Programme1 - Scan du repertoire : D:\ITU\S6\Mr Naina\Mp4\mp3-desktop\chanson
2026-06-28 13:40:03.222 [Thread-P1] INFO  com.mp3.desktop.Programme1 - Attente de 10000 ms avant le prochain scan...
2026-06-28 13:40:13.234 [Thread-P1] INFO  com.mp3.desktop.Programme1 - Scan du repertoire : D:\ITU\S6\Mr Naina\Mp4\mp3-desktop\chanson
